node.exe : [2m[WebServer] [22m[33m[1mÔÜá[22m[39m The "middleware" file 
convention is deprecated. Please use "proxy" instead. Learn more: 
https://nextjs.org/docs/messages/middleware-to-proxy
At line:1 char:1
+ & "C:\Program Files\nodejs/node.exe" "C:\Program Files\nodejs/node_mo ...
+ ~~~~~~~~~~~~~~~~~~~~~~~~~~~~~~~~~~~~~~~~~~~~~~~~~~~~~~~~~~~~~~~~~~~~~
    + CategoryInfo          : NotSpecified: ([2m[WebServer]...leware-to-proxy:String) 
    [], RemoteException
    + FullyQualifiedErrorId : NativeCommandError
 

Running 6 tests using 6 workers

  Ô£ô  1 [chromium] ÔÇ║ tests\e2e\auth.spec.ts:5:7 ÔÇ║ Auth & RBAC Suite ÔÇ║ unauthorized user should be redirected to login (2.0s)
[2m[WebServer] [22m[31m[1mÔ¿»[22m[39m ./src/components/ui/skeleton.tsx:10:7
[2m[WebServer] [22mUnexpected token `...`. Expected jsx identifier
[2m[WebServer] [22m  [90m 8 |[0m     <div
[2m[WebServer] [22m  [90m 9 |[0m       className={cn([32m"animate-pulse 
rounded-md bg-muted"[0m, className)}
[2m[WebServer] [22m[31m[1m>[0m [90m10 |[0m       ...props
[2m[WebServer] [22m  [90m   |[0m       [31m[1m^^^[0m
[2m[WebServer] [22m  [90m11 |[0m     />
[2m[WebServer] [22m  [90m12 |[0m   )
[2m[WebServer] [22m  [90m13 |[0m }
[2m[WebServer] [22m
[2m[WebServer] [22mParsing ecmascript source code failed
[2m[WebServer] [22m
[2m[WebServer] [22mImport traces:
[2m[WebServer] [22m  Client Component Browser:
[2m[WebServer] [22m    ./src/components/ui/skeleton.tsx [Client Component Browser]
[2m[WebServer] [22m    ./src/app/dashboard/page.tsx [Client Component Browser]
[2m[WebServer] [22m    ./src/app/dashboard/page.tsx [Server Component]
[2m[WebServer] [22m
[2m[WebServer] [22m  Client Component SSR:
[2m[WebServer] [22m    ./src/components/ui/skeleton.tsx [Client Component SSR]
[2m[WebServer] [22m    ./src/app/dashboard/page.tsx [Client Component SSR]
[2m[WebServer] [22m    ./src/app/dashboard/page.tsx [Server Component]
[2m[WebServer] [22m
[2m[WebServer] [22m
[2m[WebServer] [22m[31m[1mÔ¿»[22m[39m ./src/components/ui/skeleton.tsx:10:7
[2m[WebServer] [22mUnexpected token `...`. Expected jsx identifier
[2m[WebServer] [22m  [90m 8 |[0m     <div
[2m[WebServer] [22m  [90m 9 |[0m       className={cn([32m"animate-pulse 
rounded-md bg-muted"[0m, className)}
[2m[WebServer] [22m[31m[1m>[0m [90m10 |[0m       ...props
[2m[WebServer] [22m  [90m   |[0m       [31m[1m^^^[0m
[2m[WebServer] [22m  [90m11 |[0m     />
[2m[WebServer] [22m  [90m12 |[0m   )
[2m[WebServer] [22m  [90m13 |[0m }
[2m[WebServer] [22m
[2m[WebServer] [22mParsing ecmascript source code failed
[2m[WebServer] [22m
[2m[WebServer] [22mImport traces:
[2m[WebServer] [22m  Client Component Browser:
[2m[WebServer] [22m    ./src/components/ui/skeleton.tsx [Client Component Browser]
[2m[WebServer] [22m    ./src/app/dashboard/page.tsx [Client Component Browser]
[2m[WebServer] [22m    ./src/app/dashboard/page.tsx [Server Component]
[2m[WebServer] [22m
[2m[WebServer] [22m  Client Component SSR:
[2m[WebServer] [22m    ./src/components/ui/skeleton.tsx [Client Component SSR]
[2m[WebServer] [22m    ./src/app/dashboard/page.tsx [Client Component SSR]
[2m[WebServer] [22m    ./src/app/dashboard/page.tsx [Server Component]
[2m[WebServer] [22m
[2m[WebServer] [22m
[2m[WebServer] [22m[31m[1mÔ¿»[22m[39m ./src/components/ui/skeleton.tsx:10:7
[2m[WebServer] [22mUnexpected token `...`. Expected jsx identifier
[2m[WebServer] [22m  [90m 8 |[0m     <div
[2m[WebServer] [22m  [90m 9 |[0m       className={cn([32m"animate-pulse 
rounded-md bg-muted"[0m, className)}
[2m[WebServer] [22m[31m[1m>[0m [90m10 |[0m       ...props
[2m[WebServer] [22m  [90m   |[0m       [31m[1m^^^[0m
[2m[WebServer] [22m  [90m11 |[0m     />
[2m[WebServer] [22m  [90m12 |[0m   )
[2m[WebServer] [22m  [90m13 |[0m }
[2m[WebServer] [22m
[2m[WebServer] [22mParsing ecmascript source code failed
[2m[WebServer] [22m
[2m[WebServer] [22mImport traces:
[2m[WebServer] [22m  Client Component Browser:
[2m[WebServer] [22m    ./src/components/ui/skeleton.tsx [Client Component Browser]
[2m[WebServer] [22m    ./src/app/dashboard/page.tsx [Client Component Browser]
[2m[WebServer] [22m    ./src/app/dashboard/page.tsx [Server Component]
[2m[WebServer] [22m
[2m[WebServer] [22m  Client Component SSR:
[2m[WebServer] [22m    ./src/components/ui/skeleton.tsx [Client Component SSR]
[2m[WebServer] [22m    ./src/app/dashboard/page.tsx [Client Component SSR]
[2m[WebServer] [22m    ./src/app/dashboard/page.tsx [Server Component]
[2m[WebServer] [22m
[2m[WebServer] [22m
[2m[WebServer] [22m[31m[1mÔ¿»[22m[39m ./src/components/ui/skeleton.tsx:10:7
[2m[WebServer] [22mUnexpected token `...`. Expected jsx identifier
[2m[WebServer] [22m  [90m 8 |[0m     <div
[2m[WebServer] [22m  [90m 9 |[0m       className={cn([32m"animate-pulse 
rounded-md bg-muted"[0m, className)}
[2m[WebServer] [22m[31m[1m>[0m [90m10 |[0m       ...props
[2m[WebServer] [22m  [90m   |[0m       [31m[1m^^^[0m
[2m[WebServer] [22m  [90m11 |[0m     />
[2m[WebServer] [22m  [90m12 |[0m   )
[2m[WebServer] [22m  [90m13 |[0m }
[2m[WebServer] [22m
[2m[WebServer] [22mParsing ecmascript source code failed
[2m[WebServer] [22m
[2m[WebServer] [22mImport traces:
[2m[WebServer] [22m  Client Component Browser:
[2m[WebServer] [22m    ./src/components/ui/skeleton.tsx [Client Component Browser]
[2m[WebServer] [22m    ./src/app/dashboard/page.tsx [Client Component Browser]
[2m[WebServer] [22m    ./src/app/dashboard/page.tsx [Server Component]
[2m[WebServer] [22m
[2m[WebServer] [22m  Client Component SSR:
[2m[WebServer] [22m    ./src/components/ui/skeleton.tsx [Client Component SSR]
[2m[WebServer] [22m    ./src/app/dashboard/page.tsx [Client Component SSR]
[2m[WebServer] [22m    ./src/app/dashboard/page.tsx [Server Component]
[2m[WebServer] [22m
[2m[WebServer] [22m
[2m[WebServer] [22m[36m[browser][39m ./src/components/ui/skeleton.tsx:10:7
[2m[WebServer] [22mUnexpected token `...`. Expected jsx identifier
[2m[WebServer] [22m   8 |     <div
[2m[WebServer] [22m   9 |       className={cn("animate-pulse rounded-md bg-muted", 
className)}
[2m[WebServer] [22m> 10 |       ...props
[2m[WebServer] [22m     |       ^^^
[2m[WebServer] [22m  11 |     />
[2m[WebServer] [22m  12 |   )
[2m[WebServer] [22m  13 | }
[2m[WebServer] [22m
[2m[WebServer] [22mParsing ecmascript source code failed
[2m[WebServer] [22m
[2m[WebServer] [22mImport traces:
[2m[WebServer] [22m  Client Component Browser:
[2m[WebServer] [22m    ./src/components/ui/skeleton.tsx [Client Component Browser]
[2m[WebServer] [22m    ./src/app/dashboard/page.tsx [Client Component Browser]
[2m[WebServer] [22m    ./src/app/dashboard/page.tsx [Server Component]
[2m[WebServer] [22m
[2m[WebServer] [22m  Client Component SSR:
[2m[WebServer] [22m    ./src/components/ui/skeleton.tsx [Client Component SSR]
[2m[WebServer] [22m    ./src/app/dashboard/page.tsx [Client Component SSR]
[2m[WebServer] [22m    ./src/app/dashboard/page.tsx [Server Component] 
[2m[WebServer] [22m[31m    at handleErrors (file://C:/GAWE/Web Dev/Porto Aureon/ERP 
FROM ZERO/frontend/.next/dev/static/chunks/node_modules_next_dist_client_0fhqo1d._.js:1
3828:21)
[2m[WebServer] [22m    at processMessage (file://C:/GAWE/Web Dev/Porto Aureon/ERP 
FROM ZERO/frontend/.next/dev/static/chunks/node_modules_next_dist_client_0fhqo1d._.js:1
3891:21)
[2m[WebServer] [22m    at WebSocket.handleMessage (file://C:/GAWE/Web Dev/Porto 
Aureon/ERP FROM ZERO/frontend/.next/dev/static/chunks/node_modules_next_dist_client_0fh
qo1d._.js:13335:52)[39m [2m(file://C:/GAWE/Web Dev/Porto Aureon/ERP FROM ZERO/fronten
d/.next/dev/static/chunks/node_modules_next_dist_client_0fhqo1d._.js:13828:21)[22m
[2m[WebServer] [22m[36m[browser][39m ./src/components/ui/skeleton.tsx:10:7
[2m[WebServer] [22mUnexpected token `...`. Expected jsx identifier
[2m[WebServer] [22m   8 |     <div
[2m[WebServer] [22m   9 |       className={cn("animate-pulse rounded-md bg-muted", 
className)}
[2m[WebServer] [22m> 10 |       ...props
[2m[WebServer] [22m     |       ^^^
[2m[WebServer] [22m  11 |     />
[2m[WebServer] [22m  12 |   )
[2m[WebServer] [22m  13 | }
[2m[WebServer] [22m
[2m[WebServer] [22mParsing ecmascript source code failed
[2m[WebServer] [22m
[2m[WebServer] [22mImport traces:
[2m[WebServer] [22m  Client Component Browser:
[2m[WebServer] [22m    ./src/components/ui/skeleton.tsx [Client Component Browser]
[2m[WebServer] [22m    ./src/app/dashboard/page.tsx [Client Component Browser]
[2m[WebServer] [22m    ./src/app/dashboard/page.tsx [Server Component]
[2m[WebServer] [22m
[2m[WebServer] [22m  Client Component SSR:
[2m[WebServer] [22m    ./src/components/ui/skeleton.tsx [Client Component SSR]
[2m[WebServer] [22m    ./src/app/dashboard/page.tsx [Client Component SSR]
[2m[WebServer] [22m    ./src/app/dashboard/page.tsx [Server Component] 
[2m[WebServer] [22m[31m    at handleErrors (file://C:/GAWE/Web Dev/Porto Aureon/ERP 
FROM ZERO/frontend/.next/dev/static/chunks/node_modules_next_dist_client_0fhqo1d._.js:1
3828:21)
[2m[WebServer] [22m    at processMessage (file://C:/GAWE/Web Dev/Porto Aureon/ERP 
FROM ZERO/frontend/.next/dev/static/chunks/node_modules_next_dist_client_0fhqo1d._.js:1
3891:21)
[2m[WebServer] [22m    at WebSocket.handleMessage (file://C:/GAWE/Web Dev/Porto 
Aureon/ERP FROM ZERO/frontend/.next/dev/static/chunks/node_modules_next_dist_client_0fh
qo1d._.js:13335:52)[39m [2m(file://C:/GAWE/Web Dev/Porto Aureon/ERP FROM ZERO/fronten
d/.next/dev/static/chunks/node_modules_next_dist_client_0fhqo1d._.js:13828:21)[22m
[2m[WebServer] [22m[36m[browser][39m ./src/components/ui/skeleton.tsx:10:7
[2m[WebServer] [22mUnexpected token `...`. Expected jsx identifier
[2m[WebServer] [22m   8 |     <div
[2m[WebServer] [22m   9 |       className={cn("animate-pulse rounded-md bg-muted", 
className)}
[2m[WebServer] [22m> 10 |       ...props
[2m[WebServer] [22m     |       ^^^
[2m[WebServer] [22m  11 |     />
[2m[WebServer] [22m  12 |   )
[2m[WebServer] [22m  13 | }
[2m[WebServer] [22m
[2m[WebServer] [22mParsing ecmascript source code failed
[2m[WebServer] [22m
[2m[WebServer] [22mImport traces:
[2m[WebServer] [22m  Client Component Browser:
[2m[WebServer] [22m    ./src/components/ui/skeleton.tsx [Client Component Browser]
[2m[WebServer] [22m    ./src/app/dashboard/page.tsx [Client Component Browser]
[2m[WebServer] [22m    ./src/app/dashboard/page.tsx [Server Component]
[2m[WebServer] [22m
[2m[WebServer] [22m  Client Component SSR:
[2m[WebServer] [22m    ./src/components/ui/skeleton.tsx [Client Component SSR]
[2m[WebServer] [22m    ./src/app/dashboard/page.tsx [Client Component SSR]
[2m[WebServer] [22m    ./src/app/dashboard/page.tsx [Server Component] 
[2m[WebServer] [22m[31m    at handleErrors (file://C:/GAWE/Web Dev/Porto Aureon/ERP 
FROM ZERO/frontend/.next/dev/static/chunks/node_modules_next_dist_client_0fhqo1d._.js:1
3828:21)
[2m[WebServer] [22m    at processMessage (file://C:/GAWE/Web Dev/Porto Aureon/ERP 
FROM ZERO/frontend/.next/dev/static/chunks/node_modules_next_dist_client_0fhqo1d._.js:1
3891:21)
[2m[WebServer] [22m    at WebSocket.handleMessage (file://C:/GAWE/Web Dev/Porto 
Aureon/ERP FROM ZERO/frontend/.next/dev/static/chunks/node_modules_next_dist_client_0fh
qo1d._.js:13335:52)[39m [2m(file://C:/GAWE/Web Dev/Porto Aureon/ERP FROM ZERO/fronten
d/.next/dev/static/chunks/node_modules_next_dist_client_0fhqo1d._.js:13828:21)[22m
[2m[WebServer] [22m[36m[browser][39m ./src/components/ui/skeleton.tsx:10:7
[2m[WebServer] [22mUnexpected token `...`. Expected jsx identifier
[2m[WebServer] [22m   8 |     <div
[2m[WebServer] [22m   9 |       className={cn("animate-pulse rounded-md bg-muted", 
className)}
[2m[WebServer] [22m> 10 |       ...props
[2m[WebServer] [22m     |       ^^^
[2m[WebServer] [22m  11 |     />
[2m[WebServer] [22m  12 |   )
[2m[WebServer] [22m  13 | }
[2m[WebServer] [22m
[2m[WebServer] [22mParsing ecmascript source code failed
[2m[WebServer] [22m
[2m[WebServer] [22mImport traces:
[2m[WebServer] [22m  Client Component Browser:
[2m[WebServer] [22m    ./src/components/ui/skeleton.tsx [Client Component Browser]
[2m[WebServer] [22m    ./src/app/dashboard/page.tsx [Client Component Browser]
[2m[WebServer] [22m    ./src/app/dashboard/page.tsx [Server Component]
[2m[WebServer] [22m
[2m[WebServer] [22m  Client Component SSR:
[2m[WebServer] [22m    ./src/components/ui/skeleton.tsx [Client Component SSR]
[2m[WebServer] [22m    ./src/app/dashboard/page.tsx [Client Component SSR]
[2m[WebServer] [22m    ./src/app/dashboard/page.tsx [Server Component] 
[2m[WebServer] [22m[31m    at handleErrors (file://C:/GAWE/Web Dev/Porto Aureon/ERP 
FROM ZERO/frontend/.next/dev/static/chunks/node_modules_next_dist_client_0fhqo1d._.js:1
3828:21)
[2m[WebServer] [22m    at processMessage (file://C:/GAWE/Web Dev/Porto Aureon/ERP 
FROM ZERO/frontend/.next/dev/static/chunks/node_modules_next_dist_client_0fhqo1d._.js:1
3891:21)
[2m[WebServer] [22m    at WebSocket.handleMessage (file://C:/GAWE/Web Dev/Porto 
Aureon/ERP FROM ZERO/frontend/.next/dev/static/chunks/node_modules_next_dist_client_0fh
qo1d._.js:13335:52)[39m [2m(file://C:/GAWE/Web Dev/Porto Aureon/ERP FROM ZERO/fronten
d/.next/dev/static/chunks/node_modules_next_dist_client_0fhqo1d._.js:13828:21)[22m
[2m[WebServer] [22m[36m[browser][39m ./src/components/ui/skeleton.tsx:10:7
[2m[WebServer] [22mUnexpected token `...`. Expected jsx identifier
[2m[WebServer] [22m   8 |     <div
[2m[WebServer] [22m   9 |       className={cn("animate-pulse rounded-md bg-muted", 
className)}
[2m[WebServer] [22m> 10 |       ...props
[2m[WebServer] [22m     |       ^^^
[2m[WebServer] [22m  11 |     />
[2m[WebServer] [22m  12 |   )
[2m[WebServer] [22m  13 | }
[2m[WebServer] [22m
[2m[WebServer] [22mParsing ecmascript source code failed
[2m[WebServer] [22m
[2m[WebServer] [22mImport traces:
[2m[WebServer] [22m  Client Component Browser:
[2m[WebServer] [22m    ./src/components/ui/skeleton.tsx [Client Component Browser]
[2m[WebServer] [22m    ./src/app/dashboard/page.tsx [Client Component Browser]
[2m[WebServer] [22m    ./src/app/dashboard/page.tsx [Server Component]
[2m[WebServer] [22m
[2m[WebServer] [22m  Client Component SSR:
[2m[WebServer] [22m    ./src/components/ui/skeleton.tsx [Client Component SSR]
[2m[WebServer] [22m    ./src/app/dashboard/page.tsx [Client Component SSR]
[2m[WebServer] [22m    ./src/app/dashboard/page.tsx [Server Component] 
[2m[WebServer] [22m[31m    at handleErrors (file://C:/GAWE/Web Dev/Porto Aureon/ERP 
FROM ZERO/frontend/.next/dev/static/chunks/node_modules_next_dist_client_0fhqo1d._.js:1
3828:21)
[2m[WebServer] [22m    at processMessage (file://C:/GAWE/Web Dev/Porto Aureon/ERP 
FROM ZERO/frontend/.next/dev/static/chunks/node_modules_next_dist_client_0fhqo1d._.js:1
3891:21)
[2m[WebServer] [22m    at WebSocket.handleMessage (file://C:/GAWE/Web Dev/Porto 
Aureon/ERP FROM ZERO/frontend/.next/dev/static/chunks/node_modules_next_dist_client_0fh
qo1d._.js:13335:52)[39m [2m(file://C:/GAWE/Web Dev/Porto Aureon/ERP FROM ZERO/fronten
d/.next/dev/static/chunks/node_modules_next_dist_client_0fhqo1d._.js:13828:21)[22m
[2m[WebServer] [22m[36m[browser][39m ./src/components/ui/skeleton.tsx:10:7
[2m[WebServer] [22mUnexpected token `...`. Expected jsx identifier
[2m[WebServer] [22m   8 |     <div
[2m[WebServer] [22m   9 |       className={cn("animate-pulse rounded-md bg-muted", 
className)}
[2m[WebServer] [22m> 10 |       ...props
[2m[WebServer] [22m     |       ^^^
[2m[WebServer] [22m  11 |     />
[2m[WebServer] [22m  12 |   )
[2m[WebServer] [22m  13 | }
[2m[WebServer] [22m
[2m[WebServer] [22mParsing ecmascript source code failed
[2m[WebServer] [22m
[2m[WebServer] [22mImport traces:
[2m[WebServer] [22m  Client Component Browser:
[2m[WebServer] [22m    ./src/components/ui/skeleton.tsx [Client Component Browser]
[2m[WebServer] [22m    ./src/app/dashboard/page.tsx [Client Component Browser]
[2m[WebServer] [22m    ./src/app/dashboard/page.tsx [Server Component]
[2m[WebServer] [22m
[2m[WebServer] [22m  Client Component SSR:
[2m[WebServer] [22m    ./src/components/ui/skeleton.tsx [Client Component SSR]
[2m[WebServer] [22m    ./src/app/dashboard/page.tsx [Client Component SSR]
[2m[WebServer] [22m    ./src/app/dashboard/page.tsx [Server Component] 
[2m[WebServer] [22m[31m    at handleErrors (file://C:/GAWE/Web Dev/Porto Aureon/ERP 
FROM ZERO/frontend/.next/dev/static/chunks/node_modules_next_dist_client_0fhqo1d._.js:1
3828:21)
[2m[WebServer] [22m    at processMessage (file://C:/GAWE/Web Dev/Porto Aureon/ERP 
FROM ZERO/frontend/.next/dev/static/chunks/node_modules_next_dist_client_0fhqo1d._.js:1
3891:21)
[2m[WebServer] [22m    at WebSocket.handleMessage (file://C:/GAWE/Web Dev/Porto 
Aureon/ERP FROM ZERO/frontend/.next/dev/static/chunks/node_modules_next_dist_client_0fh
qo1d._.js:13335:52)[39m [2m(file://C:/GAWE/Web Dev/Porto Aureon/ERP FROM ZERO/fronten
d/.next/dev/static/chunks/node_modules_next_dist_client_0fhqo1d._.js:13828:21)[22m
[2m[WebServer] [22m[36m[browser][39m ./src/components/ui/skeleton.tsx:10:7
[2m[WebServer] [22mUnexpected token `...`. Expected jsx identifier
[2m[WebServer] [22m   8 |     <div
[2m[WebServer] [22m   9 |       className={cn("animate-pulse rounded-md bg-muted", 
className)}
[2m[WebServer] [22m> 10 |       ...props
[2m[WebServer] [22m     |       ^^^
[2m[WebServer] [22m  11 |     />
[2m[WebServer] [22m  12 |   )
[2m[WebServer] [22m  13 | }
[2m[WebServer] [22m
[2m[WebServer] [22mParsing ecmascript source code failed
[2m[WebServer] [22m
[2m[WebServer] [22mImport traces:
[2m[WebServer] [22m  Client Component Browser:
[2m[WebServer] [22m    ./src/components/ui/skeleton.tsx [Client Component Browser]
[2m[WebServer] [22m    ./src/app/dashboard/page.tsx [Client Component Browser]
[2m[WebServer] [22m    ./src/app/dashboard/page.tsx [Server Component]
[2m[WebServer] [22m
[2m[WebServer] [22m  Client Component SSR:
[2m[WebServer] [22m    ./src/components/ui/skeleton.tsx [Client Component SSR]
[2m[WebServer] [22m    ./src/app/dashboard/page.tsx [Client Component SSR]
[2m[WebServer] [22m    ./src/app/dashboard/page.tsx [Server Component] 
[2m[WebServer] [22m[31m    at handleErrors (file://C:/GAWE/Web Dev/Porto Aureon/ERP 
FROM ZERO/frontend/.next/dev/static/chunks/node_modules_next_dist_client_0fhqo1d._.js:1
3828:21)
[2m[WebServer] [22m    at processMessage (file://C:/GAWE/Web Dev/Porto Aureon/ERP 
FROM ZERO/frontend/.next/dev/static/chunks/node_modules_next_dist_client_0fhqo1d._.js:1
3891:21)
[2m[WebServer] [22m    at WebSocket.handleMessage (file://C:/GAWE/Web Dev/Porto 
Aureon/ERP FROM ZERO/frontend/.next/dev/static/chunks/node_modules_next_dist_client_0fh
qo1d._.js:13335:52)[39m [2m(file://C:/GAWE/Web Dev/Porto Aureon/ERP FROM ZERO/fronten
d/.next/dev/static/chunks/node_modules_next_dist_client_0fhqo1d._.js:13828:21)[22m
[2m[WebServer] [22m[36m[browser][39m ./src/components/ui/skeleton.tsx:10:7
[2m[WebServer] [22mUnexpected token `...`. Expected jsx identifier
[2m[WebServer] [22m   8 |     <div
[2m[WebServer] [22m   9 |       className={cn("animate-pulse rounded-md bg-muted", 
className)}
[2m[WebServer] [22m> 10 |       ...props
[2m[WebServer] [22m     |       ^^^
[2m[WebServer] [22m  11 |     />
[2m[WebServer] [22m  12 |   )
[2m[WebServer] [22m  13 | }
[2m[WebServer] [22m
[2m[WebServer] [22mParsing ecmascript source code failed
[2m[WebServer] [22m
[2m[WebServer] [22mImport traces:
[2m[WebServer] [22m  Client Component Browser:
[2m[WebServer] [22m    ./src/components/ui/skeleton.tsx [Client Component Browser]
[2m[WebServer] [22m    ./src/app/dashboard/page.tsx [Client Component Browser]
[2m[WebServer] [22m    ./src/app/dashboard/page.tsx [Server Component]
[2m[WebServer] [22m
[2m[WebServer] [22m  Client Component SSR:
[2m[WebServer] [22m    ./src/components/ui/skeleton.tsx [Client Component SSR]
[2m[WebServer] [22m    ./src/app/dashboard/page.tsx [Client Component SSR]
[2m[WebServer] [22m    ./src/app/dashboard/page.tsx [Server Component] 
[2m[WebServer] [22m[31m    at handleErrors (file://C:/GAWE/Web Dev/Porto Aureon/ERP 
FROM ZERO/frontend/.next/dev/static/chunks/node_modules_next_dist_client_0fhqo1d._.js:1
3828:21)
[2m[WebServer] [22m    at processMessage (file://C:/GAWE/Web Dev/Porto Aureon/ERP 
FROM ZERO/frontend/.next/dev/static/chunks/node_modules_next_dist_client_0fhqo1d._.js:1
3891:21)
[2m[WebServer] [22m    at WebSocket.handleMessage (file://C:/GAWE/Web Dev/Porto 
Aureon/ERP FROM ZERO/frontend/.next/dev/static/chunks/node_modules_next_dist_client_0fh
qo1d._.js:13335:52)[39m [2m(file://C:/GAWE/Web Dev/Porto Aureon/ERP FROM ZERO/fronten
d/.next/dev/static/chunks/node_modules_next_dist_client_0fhqo1d._.js:13828:21)[22m
[2m[WebServer] [22m[31m[1mÔ¿»[22m[39m ./src/components/ui/skeleton.tsx:10:7
[2m[WebServer] [22mUnexpected token `...`. Expected jsx identifier
[2m[WebServer] [22m  [90m 8 |[0m     <div
[2m[WebServer] [22m  [90m 9 |[0m       className={cn([32m"animate-pulse 
rounded-md bg-muted"[0m, className)}
[2m[WebServer] [22m[31m[1m>[0m [90m10 |[0m       ...props
[2m[WebServer] [22m  [90m   |[0m       [31m[1m^^^[0m
[2m[WebServer] [22m  [90m11 |[0m     />
[2m[WebServer] [22m  [90m12 |[0m   )
[2m[WebServer] [22m  [90m13 |[0m }
[2m[WebServer] [22m
[2m[WebServer] [22mParsing ecmascript source code failed
[2m[WebServer] [22m
[2m[WebServer] [22mImport traces:
[2m[WebServer] [22m  Client Component Browser:
[2m[WebServer] [22m    ./src/components/ui/skeleton.tsx [Client Component Browser]
[2m[WebServer] [22m    ./src/app/dashboard/page.tsx [Client Component Browser]
[2m[WebServer] [22m    ./src/app/dashboard/page.tsx [Server Component]
[2m[WebServer] [22m
[2m[WebServer] [22m  Client Component SSR:
[2m[WebServer] [22m    ./src/components/ui/skeleton.tsx [Client Component SSR]
[2m[WebServer] [22m    ./src/app/dashboard/page.tsx [Client Component SSR]
[2m[WebServer] [22m    ./src/app/dashboard/page.tsx [Server Component]
[2m[WebServer] [22m
[2m[WebServer] [22m
[2m[WebServer] [22m[31m[1mÔ¿»[22m[39m ./src/components/ui/skeleton.tsx:10:7
[2m[WebServer] [22mUnexpected token `...`. Expected jsx identifier
[2m[WebServer] [22m  [90m 8 |[0m     <div
[2m[WebServer] [22m  [90m 9 |[0m       className={cn([32m"animate-pulse 
rounded-md bg-muted"[0m, className)}
[2m[WebServer] [22m[31m[1m>[0m [90m10 |[0m       ...props
[2m[WebServer] [22m  [90m   |[0m       [31m[1m^^^[0m
[2m[WebServer] [22m  [90m11 |[0m     />
[2m[WebServer] [22m  [90m12 |[0m   )
[2m[WebServer] [22m  [90m13 |[0m }
[2m[WebServer] [22m
[2m[WebServer] [22mParsing ecmascript source code failed
[2m[WebServer] [22m
[2m[WebServer] [22mImport traces:
[2m[WebServer] [22m  Client Component Browser:
[2m[WebServer] [22m    ./src/components/ui/skeleton.tsx [Client Component Browser]
[2m[WebServer] [22m    ./src/app/dashboard/page.tsx [Client Component Browser]
[2m[WebServer] [22m    ./src/app/dashboard/page.tsx [Server Component]
[2m[WebServer] [22m
[2m[WebServer] [22m  Client Component SSR:
[2m[WebServer] [22m    ./src/components/ui/skeleton.tsx [Client Component SSR]
[2m[WebServer] [22m    ./src/app/dashboard/page.tsx [Client Component SSR]
[2m[WebServer] [22m    ./src/app/dashboard/page.tsx [Server Component]
[2m[WebServer] [22m
[2m[WebServer] [22m
[2m[WebServer] [22m[31m[1mÔ¿»[22m[39m ./src/components/ui/skeleton.tsx:10:7
[2m[WebServer] [22mUnexpected token `...`. Expected jsx identifier
[2m[WebServer] [22m  [90m 8 |[0m     <div
[2m[WebServer] [22m  [90m 9 |[0m       className={cn([32m"animate-pulse 
rounded-md bg-muted"[0m, className)}
[2m[WebServer] [22m[31m[1m>[0m [90m10 |[0m       ...props
[2m[WebServer] [22m  [90m   |[0m       [31m[1m^^^[0m
[2m[WebServer] [22m  [90m11 |[0m     />
[2m[WebServer] [22m  [90m12 |[0m   )
[2m[WebServer] [22m  [90m13 |[0m }
[2m[WebServer] [22m
[2m[WebServer] [22mParsing ecmascript source code failed
[2m[WebServer] [22m
[2m[WebServer] [22mImport traces:
[2m[WebServer] [22m  Client Component Browser:
[2m[WebServer] [22m    ./src/components/ui/skeleton.tsx [Client Component Browser]
[2m[WebServer] [22m    ./src/app/dashboard/page.tsx [Client Component Browser]
[2m[WebServer] [22m    ./src/app/dashboard/page.tsx [Server Component]
[2m[WebServer] [22m
[2m[WebServer] [22m  Client Component SSR:
[2m[WebServer] [22m    ./src/components/ui/skeleton.tsx [Client Component SSR]
[2m[WebServer] [22m    ./src/app/dashboard/page.tsx [Client Component SSR]
[2m[WebServer] [22m    ./src/app/dashboard/page.tsx [Server Component]
[2m[WebServer] [22m
[2m[WebServer] [22m
[2m[WebServer] [22m[31m[1mÔ¿»[22m[39m ./src/components/ui/skeleton.tsx:10:7
[2m[WebServer] [22mUnexpected token `...`. Expected jsx identifier
[2m[WebServer] [22m  [90m 8 |[0m     <div
[2m[WebServer] [22m  [90m 9 |[0m       className={cn([32m"animate-pulse 
rounded-md bg-muted"[0m, className)}
[2m[WebServer] [22m[31m[1m>[0m [90m10 |[0m       ...props
[2m[WebServer] [22m  [90m   |[0m       [31m[1m^^^[0m
[2m[WebServer] [22m  [90m11 |[0m     />
[2m[WebServer] [22m  [90m12 |[0m   )
[2m[WebServer] [22m  [90m13 |[0m }
[2m[WebServer] [22m
[2m[WebServer] [22mParsing ecmascript source code failed
[2m[WebServer] [22m
[2m[WebServer] [22mImport traces:
[2m[WebServer] [22m  Client Component Browser:
[2m[WebServer] [22m    ./src/components/ui/skeleton.tsx [Client Component Browser]
[2m[WebServer] [22m    ./src/app/dashboard/page.tsx [Client Component Browser]
[2m[WebServer] [22m    ./src/app/dashboard/page.tsx [Server Component]
[2m[WebServer] [22m
[2m[WebServer] [22m  Client Component SSR:
[2m[WebServer] [22m    ./src/components/ui/skeleton.tsx [Client Component SSR]
[2m[WebServer] [22m    ./src/app/dashboard/page.tsx [Client Component SSR]
[2m[WebServer] [22m    ./src/app/dashboard/page.tsx [Server Component]
[2m[WebServer] [22m
[2m[WebServer] [22m
[2m[WebServer] [22m[36m[browser][39m ./src/components/ui/skeleton.tsx:10:7
[2m[WebServer] [22mUnexpected token `...`. Expected jsx identifier
[2m[WebServer] [22m   8 |     <div
[2m[WebServer] [22m   9 |       className={cn("animate-pulse rounded-md bg-muted", 
className)}
[2m[WebServer] [22m> 10 |       ...props
[2m[WebServer] [22m     |       ^^^
[2m[WebServer] [22m  11 |     />
[2m[WebServer] [22m  12 |   )
[2m[WebServer] [22m  13 | }
[2m[WebServer] [22m
[2m[WebServer] [22mParsing ecmascript source code failed
[2m[WebServer] [22m
[2m[WebServer] [22mImport traces:
[2m[WebServer] [22m  Client Component Browser:
[2m[WebServer] [22m    ./src/components/ui/skeleton.tsx [Client Component Browser]
[2m[WebServer] [22m    ./src/app/dashboard/page.tsx [Client Component Browser]
[2m[WebServer] [22m    ./src/app/dashboard/page.tsx [Server Component]
[2m[WebServer] [22m
[2m[WebServer] [22m  Client Component SSR:
[2m[WebServer] [22m    ./src/components/ui/skeleton.tsx [Client Component SSR]
[2m[WebServer] [22m    ./src/app/dashboard/page.tsx [Client Component SSR]
[2m[WebServer] [22m    ./src/app/dashboard/page.tsx [Server Component] 
[2m[WebServer] [22m[31m    at handleErrors (file://C:/GAWE/Web Dev/Porto Aureon/ERP 
FROM ZERO/frontend/.next/dev/static/chunks/node_modules_next_dist_client_0fhqo1d._.js:1
3828:21)
[2m[WebServer] [22m    at processMessage (file://C:/GAWE/Web Dev/Porto Aureon/ERP 
FROM ZERO/frontend/.next/dev/static/chunks/node_modules_next_dist_client_0fhqo1d._.js:1
3891:21)
[2m[WebServer] [22m    at WebSocket.handleMessage (file://C:/GAWE/Web Dev/Porto 
Aureon/ERP FROM ZERO/frontend/.next/dev/static/chunks/node_modules_next_dist_client_0fh
qo1d._.js:13335:52)[39m [2m(file://C:/GAWE/Web Dev/Porto Aureon/ERP FROM ZERO/fronten
d/.next/dev/static/chunks/node_modules_next_dist_client_0fhqo1d._.js:13828:21)[22m
[2m[WebServer] [22m[36m[browser][39m ./src/components/ui/skeleton.tsx:10:7
[2m[WebServer] [22mUnexpected token `...`. Expected jsx identifier
[2m[WebServer] [22m   8 |     <div
[2m[WebServer] [22m   9 |       className={cn("animate-pulse rounded-md bg-muted", 
className)}
[2m[WebServer] [22m> 10 |       ...props
[2m[WebServer] [22m     |       ^^^
[2m[WebServer] [22m  11 |     />
[2m[WebServer] [22m  12 |   )
[2m[WebServer] [22m  13 | }
[2m[WebServer] [22m
[2m[WebServer] [22mParsing ecmascript source code failed
[2m[WebServer] [22m
[2m[WebServer] [22mImport traces:
[2m[WebServer] [22m  Client Component Browser:
[2m[WebServer] [22m    ./src/components/ui/skeleton.tsx [Client Component Browser]
[2m[WebServer] [22m    ./src/app/dashboard/page.tsx [Client Component Browser]
[2m[WebServer] [22m    ./src/app/dashboard/page.tsx [Server Component]
[2m[WebServer] [22m
[2m[WebServer] [22m  Client Component SSR:
[2m[WebServer] [22m    ./src/components/ui/skeleton.tsx [Client Component SSR]
[2m[WebServer] [22m    ./src/app/dashboard/page.tsx [Client Component SSR]
[2m[WebServer] [22m    ./src/app/dashboard/page.tsx [Server Component] 
[2m[WebServer] [22m[31m    at handleErrors (file://C:/GAWE/Web Dev/Porto Aureon/ERP 
FROM ZERO/frontend/.next/dev/static/chunks/node_modules_next_dist_client_0fhqo1d._.js:1
3828:21)
[2m[WebServer] [22m    at processMessage (file://C:/GAWE/Web Dev/Porto Aureon/ERP 
FROM ZERO/frontend/.next/dev/static/chunks/node_modules_next_dist_client_0fhqo1d._.js:1
3891:21)
[2m[WebServer] [22m    at WebSocket.handleMessage (file://C:/GAWE/Web Dev/Porto 
Aureon/ERP FROM ZERO/frontend/.next/dev/static/chunks/node_modules_next_dist_client_0fh
qo1d._.js:13335:52)[39m [2m(file://C:/GAWE/Web Dev/Porto Aureon/ERP FROM ZERO/fronten
d/.next/dev/static/chunks/node_modules_next_dist_client_0fhqo1d._.js:13828:21)[22m
[2m[WebServer] [22m[36m[browser][39m ./src/components/ui/skeleton.tsx:10:7
[2m[WebServer] [22mUnexpected token `...`. Expected jsx identifier
[2m[WebServer] [22m   8 |     <div
[2m[WebServer] [22m   9 |       className={cn("animate-pulse rounded-md bg-muted", 
className)}
[2m[WebServer] [22m> 10 |       ...props
[2m[WebServer] [22m     |       ^^^
[2m[WebServer] [22m  11 |     />
[2m[WebServer] [22m  12 |   )
[2m[WebServer] [22m  13 | }
[2m[WebServer] [22m
[2m[WebServer] [22mParsing ecmascript source code failed
[2m[WebServer] [22m
[2m[WebServer] [22mImport traces:
[2m[WebServer] [22m  Client Component Browser:
[2m[WebServer] [22m    ./src/components/ui/skeleton.tsx [Client Component Browser]
[2m[WebServer] [22m    ./src/app/dashboard/page.tsx [Client Component Browser]
[2m[WebServer] [22m    ./src/app/dashboard/page.tsx [Server Component]
[2m[WebServer] [22m
[2m[WebServer] [22m  Client Component SSR:
[2m[WebServer] [22m    ./src/components/ui/skeleton.tsx [Client Component SSR]
[2m[WebServer] [22m    ./src/app/dashboard/page.tsx [Client Component SSR]
[2m[WebServer] [22m    ./src/app/dashboard/page.tsx [Server Component] 
[2m[WebServer] [22m[31m    at handleErrors (file://C:/GAWE/Web Dev/Porto Aureon/ERP 
FROM ZERO/frontend/.next/dev/static/chunks/node_modules_next_dist_client_0fhqo1d._.js:1
3828:21)
[2m[WebServer] [22m    at processMessage (file://C:/GAWE/Web Dev/Porto Aureon/ERP 
FROM ZERO/frontend/.next/dev/static/chunks/node_modules_next_dist_client_0fhqo1d._.js:1
3891:21)
[2m[WebServer] [22m    at WebSocket.handleMessage (file://C:/GAWE/Web Dev/Porto 
Aureon/ERP FROM ZERO/frontend/.next/dev/static/chunks/node_modules_next_dist_client_0fh
qo1d._.js:13335:52)[39m [2m(file://C:/GAWE/Web Dev/Porto Aureon/ERP FROM ZERO/fronten
d/.next/dev/static/chunks/node_modules_next_dist_client_0fhqo1d._.js:13828:21)[22m
[2m[WebServer] [22m[36m[browser][39m ./src/components/ui/skeleton.tsx:10:7
[2m[WebServer] [22mUnexpected token `...`. Expected jsx identifier
[2m[WebServer] [22m   8 |     <div
[2m[WebServer] [22m   9 |       className={cn("animate-pulse rounded-md bg-muted", 
className)}
[2m[WebServer] [22m> 10 |       ...props
[2m[WebServer] [22m     |       ^^^
[2m[WebServer] [22m  11 |     />
[2m[WebServer] [22m  12 |   )
[2m[WebServer] [22m  13 | }
[2m[WebServer] [22m
[2m[WebServer] [22mParsing ecmascript source code failed
[2m[WebServer] [22m
[2m[WebServer] [22mImport traces:
[2m[WebServer] [22m  Client Component Browser:
[2m[WebServer] [22m    ./src/components/ui/skeleton.tsx [Client Component Browser]
[2m[WebServer] [22m    ./src/app/dashboard/page.tsx [Client Component Browser]
[2m[WebServer] [22m    ./src/app/dashboard/page.tsx [Server Component]
[2m[WebServer] [22m
[2m[WebServer] [22m  Client Component SSR:
[2m[WebServer] [22m    ./src/components/ui/skeleton.tsx [Client Component SSR]
[2m[WebServer] [22m    ./src/app/dashboard/page.tsx [Client Component SSR]
[2m[WebServer] [22m    ./src/app/dashboard/page.tsx [Server Component] 
[2m[WebServer] [22m[31m    at handleErrors (file://C:/GAWE/Web Dev/Porto Aureon/ERP 
FROM ZERO/frontend/.next/dev/static/chunks/node_modules_next_dist_client_0fhqo1d._.js:1
3828:21)
[2m[WebServer] [22m    at processMessage (file://C:/GAWE/Web Dev/Porto Aureon/ERP 
FROM ZERO/frontend/.next/dev/static/chunks/node_modules_next_dist_client_0fhqo1d._.js:1
3891:21)
[2m[WebServer] [22m    at WebSocket.handleMessage (file://C:/GAWE/Web Dev/Porto 
Aureon/ERP FROM ZERO/frontend/.next/dev/static/chunks/node_modules_next_dist_client_0fh
qo1d._.js:13335:52)[39m [2m(file://C:/GAWE/Web Dev/Porto Aureon/ERP FROM ZERO/fronten
d/.next/dev/static/chunks/node_modules_next_dist_client_0fhqo1d._.js:13828:21)[22m
[2m[WebServer] [22m[36m[browser][39m ./src/components/ui/skeleton.tsx:10:7
[2m[WebServer] [22mUnexpected token `...`. Expected jsx identifier
[2m[WebServer] [22m   8 |     <div
[2m[WebServer] [22m   9 |       className={cn("animate-pulse rounded-md bg-muted", 
className)}
[2m[WebServer] [22m> 10 |       ...props
[2m[WebServer] [22m     |       ^^^
[2m[WebServer] [22m  11 |     />
[2m[WebServer] [22m  12 |   )
[2m[WebServer] [22m  13 | }
[2m[WebServer] [22m
[2m[WebServer] [22mParsing ecmascript source code failed
[2m[WebServer] [22m
[2m[WebServer] [22mImport traces:
[2m[WebServer] [22m  Client Component Browser:
[2m[WebServer] [22m    ./src/components/ui/skeleton.tsx [Client Component Browser]
[2m[WebServer] [22m    ./src/app/dashboard/page.tsx [Client Component Browser]
[2m[WebServer] [22m    ./src/app/dashboard/page.tsx [Server Component]
[2m[WebServer] [22m
[2m[WebServer] [22m  Client Component SSR:
[2m[WebServer] [22m    ./src/components/ui/skeleton.tsx [Client Component SSR]
[2m[WebServer] [22m    ./src/app/dashboard/page.tsx [Client Component SSR]
[2m[WebServer] [22m    ./src/app/dashboard/page.tsx [Server Component] 
[2m[WebServer] [22m[31m    at handleErrors (file://C:/GAWE/Web Dev/Porto Aureon/ERP 
FROM ZERO/frontend/.next/dev/static/chunks/node_modules_next_dist_client_0fhqo1d._.js:1
3828:21)
[2m[WebServer] [22m    at processMessage (file://C:/GAWE/Web Dev/Porto Aureon/ERP 
FROM ZERO/frontend/.next/dev/static/chunks/node_modules_next_dist_client_0fhqo1d._.js:1
3891:21)
[2m[WebServer] [22m    at WebSocket.handleMessage (file://C:/GAWE/Web Dev/Porto 
Aureon/ERP FROM ZERO/frontend/.next/dev/static/chunks/node_modules_next_dist_client_0fh
qo1d._.js:13335:52)[39m [2m(file://C:/GAWE/Web Dev/Porto Aureon/ERP FROM ZERO/fronten
d/.next/dev/static/chunks/node_modules_next_dist_client_0fhqo1d._.js:13828:21)[22m
[2m[WebServer] [22m[36m[browser][39m ./src/components/ui/skeleton.tsx:10:7
[2m[WebServer] [22mUnexpected token `...`. Expected jsx identifier
[2m[WebServer] [22m   8 |     <div
[2m[WebServer] [22m   9 |       className={cn("animate-pulse rounded-md bg-muted", 
className)}
[2m[WebServer] [22m> 10 |       ...props
[2m[WebServer] [22m     |       ^^^
[2m[WebServer] [22m  11 |     />
[2m[WebServer] [22m  12 |   )
[2m[WebServer] [22m  13 | }
[2m[WebServer] [22m
[2m[WebServer] [22mParsing ecmascript source code failed
[2m[WebServer] [22m
[2m[WebServer] [22mImport traces:
[2m[WebServer] [22m  Client Component Browser:
[2m[WebServer] [22m    ./src/components/ui/skeleton.tsx [Client Component Browser]
[2m[WebServer] [22m    ./src/app/dashboard/page.tsx [Client Component Browser]
[2m[WebServer] [22m    ./src/app/dashboard/page.tsx [Server Component]
[2m[WebServer] [22m
[2m[WebServer] [22m  Client Component SSR:
[2m[WebServer] [22m    ./src/components/ui/skeleton.tsx [Client Component SSR]
[2m[WebServer] [22m    ./src/app/dashboard/page.tsx [Client Component SSR]
[2m[WebServer] [22m    ./src/app/dashboard/page.tsx [Server Component] 
[2m[WebServer] [22m[31m    at handleErrors (file://C:/GAWE/Web Dev/Porto Aureon/ERP 
FROM ZERO/frontend/.next/dev/static/chunks/node_modules_next_dist_client_0fhqo1d._.js:1
3828:21)
[2m[WebServer] [22m    at processMessage (file://C:/GAWE/Web Dev/Porto Aureon/ERP 
FROM ZERO/frontend/.next/dev/static/chunks/node_modules_next_dist_client_0fhqo1d._.js:1
3891:21)
[2m[WebServer] [22m    at WebSocket.handleMessage (file://C:/GAWE/Web Dev/Porto 
Aureon/ERP FROM ZERO/frontend/.next/dev/static/chunks/node_modules_next_dist_client_0fh
qo1d._.js:13335:52)[39m [2m(file://C:/GAWE/Web Dev/Porto Aureon/ERP FROM ZERO/fronten
d/.next/dev/static/chunks/node_modules_next_dist_client_0fhqo1d._.js:13828:21)[22m
[2m[WebServer] [22m[36m[browser][39m ./src/components/ui/skeleton.tsx:10:7
[2m[WebServer] [22mUnexpected token `...`. Expected jsx identifier
[2m[WebServer] [22m   8 |     <div
[2m[WebServer] [22m   9 |       className={cn("animate-pulse rounded-md bg-muted", 
className)}
[2m[WebServer] [22m> 10 |       ...props
[2m[WebServer] [22m     |       ^^^
[2m[WebServer] [22m  11 |     />
[2m[WebServer] [22m  12 |   )
[2m[WebServer] [22m  13 | }
[2m[WebServer] [22m
[2m[WebServer] [22mParsing ecmascript source code failed
[2m[WebServer] [22m
[2m[WebServer] [22mImport traces:
[2m[WebServer] [22m  Client Component Browser:
[2m[WebServer] [22m    ./src/components/ui/skeleton.tsx [Client Component Browser]
[2m[WebServer] [22m    ./src/app/dashboard/page.tsx [Client Component Browser]
[2m[WebServer] [22m    ./src/app/dashboard/page.tsx [Server Component]
[2m[WebServer] [22m
[2m[WebServer] [22m  Client Component SSR:
[2m[WebServer] [22m    ./src/components/ui/skeleton.tsx [Client Component SSR]
[2m[WebServer] [22m    ./src/app/dashboard/page.tsx [Client Component SSR]
[2m[WebServer] [22m    ./src/app/dashboard/page.tsx [Server Component] 
[2m[WebServer] [22m[31m    at handleErrors (file://C:/GAWE/Web Dev/Porto Aureon/ERP 
FROM ZERO/frontend/.next/dev/static/chunks/node_modules_next_dist_client_0fhqo1d._.js:1
3828:21)
[2m[WebServer] [22m    at processMessage (file://C:/GAWE/Web Dev/Porto Aureon/ERP 
FROM ZERO/frontend/.next/dev/static/chunks/node_modules_next_dist_client_0fhqo1d._.js:1
3891:21)
[2m[WebServer] [22m    at WebSocket.handleMessage (file://C:/GAWE/Web Dev/Porto 
Aureon/ERP FROM ZERO/frontend/.next/dev/static/chunks/node_modules_next_dist_client_0fh
qo1d._.js:13335:52)[39m [2m(file://C:/GAWE/Web Dev/Porto Aureon/ERP FROM ZERO/fronten
d/.next/dev/static/chunks/node_modules_next_dist_client_0fhqo1d._.js:13828:21)[22m
[2m[WebServer] [22m[36m[browser][39m ./src/components/ui/skeleton.tsx:10:7
[2m[WebServer] [22mUnexpected token `...`. Expected jsx identifier
[2m[WebServer] [22m   8 |     <div
[2m[WebServer] [22m   9 |       className={cn("animate-pulse rounded-md bg-muted", 
className)}
[2m[WebServer] [22m> 10 |       ...props
[2m[WebServer] [22m     |       ^^^
[2m[WebServer] [22m  11 |     />
[2m[WebServer] [22m  12 |   )
[2m[WebServer] [22m  13 | }
[2m[WebServer] [22m
[2m[WebServer] [22mParsing ecmascript source code failed
[2m[WebServer] [22m
[2m[WebServer] [22mImport traces:
[2m[WebServer] [22m  Client Component Browser:
[2m[WebServer] [22m    ./src/components/ui/skeleton.tsx [Client Component Browser]
[2m[WebServer] [22m    ./src/app/dashboard/page.tsx [Client Component Browser]
[2m[WebServer] [22m    ./src/app/dashboard/page.tsx [Server Component]
[2m[WebServer] [22m
[2m[WebServer] [22m  Client Component SSR:
[2m[WebServer] [22m    ./src/components/ui/skeleton.tsx [Client Component SSR]
[2m[WebServer] [22m    ./src/app/dashboard/page.tsx [Client Component SSR]
[2m[WebServer] [22m    ./src/app/dashboard/page.tsx [Server Component] 
[2m[WebServer] [22m[31m    at handleErrors (file://C:/GAWE/Web Dev/Porto Aureon/ERP 
FROM ZERO/frontend/.next/dev/static/chunks/node_modules_next_dist_client_0fhqo1d._.js:1
3828:21)
[2m[WebServer] [22m    at processMessage (file://C:/GAWE/Web Dev/Porto Aureon/ERP 
FROM ZERO/frontend/.next/dev/static/chunks/node_modules_next_dist_client_0fhqo1d._.js:1
3891:21)
[2m[WebServer] [22m    at WebSocket.handleMessage (file://C:/GAWE/Web Dev/Porto 
Aureon/ERP FROM ZERO/frontend/.next/dev/static/chunks/node_modules_next_dist_client_0fh
qo1d._.js:13335:52)[39m [2m(file://C:/GAWE/Web Dev/Porto Aureon/ERP FROM ZERO/fronten
d/.next/dev/static/chunks/node_modules_next_dist_client_0fhqo1d._.js:13828:21)[22m
[2m[WebServer] [22m[36m[browser][39m ./src/components/ui/skeleton.tsx:10:7
[2m[WebServer] [22mUnexpected token `...`. Expected jsx identifier
[2m[WebServer] [22m   8 |     <div
[2m[WebServer] [22m   9 |       className={cn("animate-pulse rounded-md bg-muted", 
className)}
[2m[WebServer] [22m> 10 |       ...props
[2m[WebServer] [22m     |       ^^^
[2m[WebServer] [22m  11 |     />
[2m[WebServer] [22m  12 |   )
[2m[WebServer] [22m  13 | }
[2m[WebServer] [22m
[2m[WebServer] [22mParsing ecmascript source code failed
[2m[WebServer] [22m
[2m[WebServer] [22mImport traces:
[2m[WebServer] [22m  Client Component Browser:
[2m[WebServer] [22m    ./src/components/ui/skeleton.tsx [Client Component Browser]
[2m[WebServer] [22m    ./src/app/dashboard/page.tsx [Client Component Browser]
[2m[WebServer] [22m    ./src/app/dashboard/page.tsx [Server Component]
[2m[WebServer] [22m
[2m[WebServer] [22m  Client Component SSR:
[2m[WebServer] [22m    ./src/components/ui/skeleton.tsx [Client Component SSR]
[2m[WebServer] [22m    ./src/app/dashboard/page.tsx [Client Component SSR]
[2m[WebServer] [22m    ./src/app/dashboard/page.tsx [Server Component] 
[2m[WebServer] [22m[31m    at handleErrors (file://C:/GAWE/Web Dev/Porto Aureon/ERP 
FROM ZERO/frontend/.next/dev/static/chunks/node_modules_next_dist_client_0fhqo1d._.js:1
3828:21)
[2m[WebServer] [22m    at processMessage (file://C:/GAWE/Web Dev/Porto Aureon/ERP 
FROM ZERO/frontend/.next/dev/static/chunks/node_modules_next_dist_client_0fhqo1d._.js:1
3891:21)
[2m[WebServer] [22m    at WebSocket.handleMessage (file://C:/GAWE/Web Dev/Porto 
Aureon/ERP FROM ZERO/frontend/.next/dev/static/chunks/node_modules_next_dist_client_0fh
qo1d._.js:13335:52)[39m [2m(file://C:/GAWE/Web Dev/Porto Aureon/ERP FROM ZERO/fronten
d/.next/dev/static/chunks/node_modules_next_dist_client_0fhqo1d._.js:13828:21)[22m
[2m[WebServer] [22m[36m[browser][39m ./src/components/ui/skeleton.tsx:10:7
[2m[WebServer] [22mUnexpected token `...`. Expected jsx identifier
[2m[WebServer] [22m   8 |     <div
[2m[WebServer] [22m   9 |       className={cn("animate-pulse rounded-md bg-muted", 
className)}
[2m[WebServer] [22m> 10 |       ...props
[2m[WebServer] [22m     |       ^^^
[2m[WebServer] [22m  11 |     />
[2m[WebServer] [22m  12 |   )
[2m[WebServer] [22m  13 | }
[2m[WebServer] [22m
[2m[WebServer] [22mParsing ecmascript source code failed
[2m[WebServer] [22m
[2m[WebServer] [22mImport traces:
[2m[WebServer] [22m  Client Component Browser:
[2m[WebServer] [22m    ./src/components/ui/skeleton.tsx [Client Component Browser]
[2m[WebServer] [22m    ./src/app/dashboard/page.tsx [Client Component Browser]
[2m[WebServer] [22m    ./src/app/dashboard/page.tsx [Server Component]
[2m[WebServer] [22m
[2m[WebServer] [22m  Client Component SSR:
[2m[WebServer] [22m    ./src/components/ui/skeleton.tsx [Client Component SSR]
[2m[WebServer] [22m    ./src/app/dashboard/page.tsx [Client Component SSR]
[2m[WebServer] [22m    ./src/app/dashboard/page.tsx [Server Component] 
[2m[WebServer] [22m[31m    at handleErrors (file://C:/GAWE/Web Dev/Porto Aureon/ERP 
FROM ZERO/frontend/.next/dev/static/chunks/node_modules_next_dist_client_0fhqo1d._.js:1
3828:21)
[2m[WebServer] [22m    at processMessage (file://C:/GAWE/Web Dev/Porto Aureon/ERP 
FROM ZERO/frontend/.next/dev/static/chunks/node_modules_next_dist_client_0fhqo1d._.js:1
3891:21)
[2m[WebServer] [22m    at WebSocket.handleMessage (file://C:/GAWE/Web Dev/Porto 
Aureon/ERP FROM ZERO/frontend/.next/dev/static/chunks/node_modules_next_dist_client_0fh
qo1d._.js:13335:52)[39m [2m(file://C:/GAWE/Web Dev/Porto Aureon/ERP FROM ZERO/fronten
d/.next/dev/static/chunks/node_modules_next_dist_client_0fhqo1d._.js:13828:21)[22m
[2m[WebServer] [22m[36m[browser][39m ./src/components/ui/skeleton.tsx:10:7
[2m[WebServer] [22mUnexpected token `...`. Expected jsx identifier
[2m[WebServer] [22m   8 |     <div
[2m[WebServer] [22m   9 |       className={cn("animate-pulse rounded-md bg-muted", 
className)}
[2m[WebServer] [22m> 10 |       ...props
[2m[WebServer] [22m     |       ^^^
[2m[WebServer] [22m  11 |     />
[2m[WebServer] [22m  12 |   )
[2m[WebServer] [22m  13 | }
[2m[WebServer] [22m
[2m[WebServer] [22mParsing ecmascript source code failed
[2m[WebServer] [22m
[2m[WebServer] [22mImport traces:
[2m[WebServer] [22m  Client Component Browser:
[2m[WebServer] [22m    ./src/components/ui/skeleton.tsx [Client Component Browser]
[2m[WebServer] [22m    ./src/app/dashboard/page.tsx [Client Component Browser]
[2m[WebServer] [22m    ./src/app/dashboard/page.tsx [Server Component]
[2m[WebServer] [22m
[2m[WebServer] [22m  Client Component SSR:
[2m[WebServer] [22m    ./src/components/ui/skeleton.tsx [Client Component SSR]
[2m[WebServer] [22m    ./src/app/dashboard/page.tsx [Client Component SSR]
[2m[WebServer] [22m    ./src/app/dashboard/page.tsx [Server Component] 
[2m[WebServer] [22m[31m    at handleErrors (file://C:/GAWE/Web Dev/Porto Aureon/ERP 
FROM ZERO/frontend/.next/dev/static/chunks/node_modules_next_dist_client_0fhqo1d._.js:1
3828:21)
[2m[WebServer] [22m    at processMessage (file://C:/GAWE/Web Dev/Porto Aureon/ERP 
FROM ZERO/frontend/.next/dev/static/chunks/node_modules_next_dist_client_0fhqo1d._.js:1
3891:21)
[2m[WebServer] [22m    at WebSocket.handleMessage (file://C:/GAWE/Web Dev/Porto 
Aureon/ERP FROM ZERO/frontend/.next/dev/static/chunks/node_modules_next_dist_client_0fh
qo1d._.js:13335:52)[39m [2m(file://C:/GAWE/Web Dev/Porto Aureon/ERP FROM ZERO/fronten
d/.next/dev/static/chunks/node_modules_next_dist_client_0fhqo1d._.js:13828:21)[22m
[2m[WebServer] [22m[36m[browser][39m ./src/components/ui/skeleton.tsx:10:7
[2m[WebServer] [22mUnexpected token `...`. Expected jsx identifier
[2m[WebServer] [22m   8 |     <div
[2m[WebServer] [22m   9 |       className={cn("animate-pulse rounded-md bg-muted", 
className)}
[2m[WebServer] [22m> 10 |       ...props
[2m[WebServer] [22m     |       ^^^
[2m[WebServer] [22m  11 |     />
[2m[WebServer] [22m  12 |   )
[2m[WebServer] [22m  13 | }
[2m[WebServer] [22m
[2m[WebServer] [22mParsing ecmascript source code failed
[2m[WebServer] [22m
[2m[WebServer] [22mImport traces:
[2m[WebServer] [22m  Client Component Browser:
[2m[WebServer] [22m    ./src/components/ui/skeleton.tsx [Client Component Browser]
[2m[WebServer] [22m    ./src/app/dashboard/page.tsx [Client Component Browser]
[2m[WebServer] [22m    ./src/app/dashboard/page.tsx [Server Component]
[2m[WebServer] [22m
[2m[WebServer] [22m  Client Component SSR:
[2m[WebServer] [22m    ./src/components/ui/skeleton.tsx [Client Component SSR]
[2m[WebServer] [22m    ./src/app/dashboard/page.tsx [Client Component SSR]
[2m[WebServer] [22m    ./src/app/dashboard/page.tsx [Server Component] 
[2m[WebServer] [22m[31m    at handleErrors (file://C:/GAWE/Web Dev/Porto Aureon/ERP 
FROM ZERO/frontend/.next/dev/static/chunks/node_modules_next_dist_client_0fhqo1d._.js:1
3828:21)
[2m[WebServer] [22m    at processMessage (file://C:/GAWE/Web Dev/Porto Aureon/ERP 
FROM ZERO/frontend/.next/dev/static/chunks/node_modules_next_dist_client_0fhqo1d._.js:1
3891:21)
[2m[WebServer] [22m    at WebSocket.handleMessage (file://C:/GAWE/Web Dev/Porto 
Aureon/ERP FROM ZERO/frontend/.next/dev/static/chunks/node_modules_next_dist_client_0fh
qo1d._.js:13335:52)[39m [2m(file://C:/GAWE/Web Dev/Porto Aureon/ERP FROM ZERO/fronten
d/.next/dev/static/chunks/node_modules_next_dist_client_0fhqo1d._.js:13828:21)[22m
[2m[WebServer] [22m[36m[browser][39m A tree hydrated but some attributes of the 
server rendered HTML didn't match the client properties. This won't be patched up. 
This can happen if a SSR-ed Client Component used:
[2m[WebServer] [22m
[2m[WebServer] [22m- A server/client branch `if (typeof window !== 'undefined')`.
[2m[WebServer] [22m- Variable input such as `Date.now()` or `Math.random()` which 
changes each time it's called.
[2m[WebServer] [22m- Date formatting in a user's locale which doesn't match the 
server.
[2m[WebServer] [22m- External changing data without sending a snapshot of it along 
with the HTML.
[2m[WebServer] [22m- Invalid HTML tag nesting.
[2m[WebServer] [22m
[2m[WebServer] [22mIt can also happen if the client has a browser extension 
installed which messes with the HTML before React loaded.
[2m[WebServer] [22m
[2m[WebServer] [22mhttps://react.dev/link/hydration-mismatch
[2m[WebServer] [22m
[2m[WebServer] [22m  ...
[2m[WebServer] [22m    <HotReload globalError={[...]} webSocket={WebSocket} 
staticIndicatorState={{pathname:null, ...}}>
[2m[WebServer] [22m      <AppDevOverlayErrorBoundary globalError={[...]}>
[2m[WebServer] [22m        <ReplaySsrOnlyErrors>
[2m[WebServer] [22m        <DevRootHTTPAccessFallbackBoundary>
[2m[WebServer] [22m          <HTTPAccessFallbackBoundary 
notFound={<NotAllowedRootHTTPFallbackError>}>
[2m[WebServer] [22m            <HTTPAccessFallbackErrorBoundary pathname="/login" 
notFound={<NotAllowedRootHTTPFallbackError>} ...>
[2m[WebServer] [22m              <RedirectBoundary>
[2m[WebServer] [22m                <RedirectErrorBoundary router={{...}}>
[2m[WebServer] [22m                  <Head>
[2m[WebServer] [22m                  <__next_root_layout_boundary__>
[2m[WebServer] [22m                    <SegmentViewNode type="layout" 
pagePath="layout.tsx">
[2m[WebServer] [22m                      <SegmentTrieNode>
[2m[WebServer] [22m                      <link>
[2m[WebServer] [22m                      <script>
[2m[WebServer] [22m                      <script>
[2m[WebServer] [22m                      <script>
[2m[WebServer] [22m                      <RootLayout>
[2m[WebServer] [22m                        <html lang="en" className="dark h-ful...">
[2m[WebServer] [22m                          <body
[2m[WebServer] [22m                            
className="geist_a71539c9-module__T19VSG__variable 
geist_mono_8d43a2aa-module__8Li5zG__var..."
[2m[WebServer] [22m-                           
style={{overflow-x:"hidden",overflow-y:"hidden"}}
[2m[WebServer] [22m                          >
[2m[WebServer] [22m                  ...
[2m[WebServer] [22m 
[2m[WebServer] [22m[31m    at <unknown> (file://C:/GAWE/Web Dev/Porto Aureon/ERP 
FROM ZERO/frontend/.next/dev/static/chunks/node_modules_next_dist_compiled_react-dom_05
8-ah~._.js:3439:25)
[2m[WebServer] [22m    at runWithFiberInDEV (file://C:/GAWE/Web Dev/Porto Aureon/ERP 
FROM ZERO/frontend/.next/dev/static/chunks/node_modules_next_dist_compiled_react-dom_05
8-ah~._.js:965:74)
[2m[WebServer] [22m    at emitPendingHydrationWarnings (file://C:/GAWE/Web Dev/Porto 
Aureon/ERP FROM ZERO/frontend/.next/dev/static/chunks/node_modules_next_dist_compiled_r
eact-dom_058-ah~._.js:3438:13)
[2m[WebServer] [22m    at completeWork (file://C:/GAWE/Web Dev/Porto Aureon/ERP FROM 
ZERO/frontend/.next/dev/static/chunks/node_modules_next_dist_compiled_react-dom_058-ah~
._.js:6885:102)
[2m[WebServer] [22m    at runWithFiberInDEV (file://C:/GAWE/Web Dev/Porto Aureon/ERP 
FROM ZERO/frontend/.next/dev/static/chunks/node_modules_next_dist_compiled_react-dom_05
8-ah~._.js:965:131)
[2m[WebServer] [22m    at completeUnitOfWork (file://C:/GAWE/Web Dev/Porto 
Aureon/ERP FROM ZERO/frontend/.next/dev/static/chunks/node_modules_next_dist_compiled_r
eact-dom_058-ah~._.js:9622:23)
[2m[WebServer] [22m    at performUnitOfWork (file://C:/GAWE/Web Dev/Porto Aureon/ERP 
FROM ZERO/frontend/.next/dev/static/chunks/node_modules_next_dist_compiled_react-dom_05
8-ah~._.js:9557:28)
[2m[WebServer] [22m    at workLoopConcurrentByScheduler (file://C:/GAWE/Web 
Dev/Porto Aureon/ERP FROM ZERO/frontend/.next/dev/static/chunks/node_modules_next_dist_
compiled_react-dom_058-ah~._.js:9551:58)
[2m[WebServer] [22m    at renderRootConcurrent (file://C:/GAWE/Web Dev/Porto 
Aureon/ERP FROM ZERO/frontend/.next/dev/static/chunks/node_modules_next_dist_compiled_r
eact-dom_058-ah~._.js:9534:71)
[2m[WebServer] [22m    at performWorkOnRoot (file://C:/GAWE/Web Dev/Porto Aureon/ERP 
FROM ZERO/frontend/.next/dev/static/chunks/node_modules_next_dist_compiled_react-dom_05
8-ah~._.js:9061:150)
[2m[WebServer] [22m    at performWorkOnRootViaSchedulerTask (file://C:/GAWE/Web 
Dev/Porto Aureon/ERP FROM ZERO/frontend/.next/dev/static/chunks/node_modules_next_dist_
compiled_react-dom_058-ah~._.js:10255:9)
[2m[WebServer] [22m    at MessagePort.performWorkUntilDeadline (file://C:/GAWE/Web 
Dev/Porto Aureon/ERP FROM ZERO/frontend/.next/dev/static/chunks/node_modules_next_dist_
compiled_0rpq4pf._.js:2647:64)[39m [2m(file://C:/GAWE/Web Dev/Porto Aureon/ERP FROM Z
ERO/frontend/.next/dev/static/chunks/node_modules_next_dist_compiled_react-dom_058-ah~.
_.js:3439:25)[22m
[2m[WebServer] [22m[36m[browser][39m ./src/components/ui/skeleton.tsx:10:7
[2m[WebServer] [22mUnexpected token `...`. Expected jsx identifier
[2m[WebServer] [22m   8 |     <div
[2m[WebServer] [22m   9 |       className={cn("animate-pulse rounded-md bg-muted", 
className)}
[2m[WebServer] [22m> 10 |       ...props
[2m[WebServer] [22m     |       ^^^
[2m[WebServer] [22m  11 |     />
[2m[WebServer] [22m  12 |   )
[2m[WebServer] [22m  13 | }
[2m[WebServer] [22m
[2m[WebServer] [22mParsing ecmascript source code failed
[2m[WebServer] [22m
[2m[WebServer] [22mImport traces:
[2m[WebServer] [22m  Client Component Browser:
[2m[WebServer] [22m    ./src/components/ui/skeleton.tsx [Client Component Browser]
[2m[WebServer] [22m    ./src/app/dashboard/page.tsx [Client Component Browser]
[2m[WebServer] [22m    ./src/app/dashboard/page.tsx [Server Component]
[2m[WebServer] [22m
[2m[WebServer] [22m  Client Component SSR:
[2m[WebServer] [22m    ./src/components/ui/skeleton.tsx [Client Component SSR]
[2m[WebServer] [22m    ./src/app/dashboard/page.tsx [Client Component SSR]
[2m[WebServer] [22m    ./src/app/dashboard/page.tsx [Server Component] 
[2m[WebServer] [22m[31m    at handleErrors (file://C:/GAWE/Web Dev/Porto Aureon/ERP 
FROM ZERO/frontend/.next/dev/static/chunks/node_modules_next_dist_client_0fhqo1d._.js:1
3828:21)
[2m[WebServer] [22m    at processMessage (file://C:/GAWE/Web Dev/Porto Aureon/ERP 
FROM ZERO/frontend/.next/dev/static/chunks/node_modules_next_dist_client_0fhqo1d._.js:1
3891:21)
[2m[WebServer] [22m    at WebSocket.handleMessage (file://C:/GAWE/Web Dev/Porto 
Aureon/ERP FROM ZERO/frontend/.next/dev/static/chunks/node_modules_next_dist_client_0fh
qo1d._.js:13335:52)[39m [2m(file://C:/GAWE/Web Dev/Porto Aureon/ERP FROM ZERO/fronten
d/.next/dev/static/chunks/node_modules_next_dist_client_0fhqo1d._.js:13828:21)[22m
[2m[WebServer] [22m[36m[browser][39m [31mUncaught Error: 
./src/components/ui/skeleton.tsx:10:7
[2m[WebServer] [22mUnexpected token `...`. Expected jsx identifier
[2m[WebServer] [22m   8 |     <div
[2m[WebServer] [22m   9 |       className={cn("animate-pulse rounded-md bg-muted", 
className)}
[2m[WebServer] [22m> 10 |       ...props
[2m[WebServer] [22m     |       ^^^
[2m[WebServer] [22m  11 |     />
[2m[WebServer] [22m  12 |   )
[2m[WebServer] [22m  13 | }
[2m[WebServer] [22m
[2m[WebServer] [22mParsing ecmascript source code failed
[2m[WebServer] [22m
[2m[WebServer] [22mImport traces:
[2m[WebServer] [22m  Client Component Browser:
[2m[WebServer] [22m    ./src/components/ui/skeleton.tsx [Client Component Browser]
[2m[WebServer] [22m    ./src/app/dashboard/page.tsx [Client Component Browser]
[2m[WebServer] [22m    ./src/app/dashboard/page.tsx [Server Component]
[2m[WebServer] [22m
[2m[WebServer] [22m  Client Component SSR:
[2m[WebServer] [22m    ./src/components/ui/skeleton.tsx [Client Component SSR]
[2m[WebServer] [22m    ./src/app/dashboard/page.tsx [Client Component SSR]
[2m[WebServer] [22m    ./src/app/dashboard/page.tsx [Server Component]
[2m[WebServer] [22m
[2m[WebServer] [22m[39m
[2m[WebServer] [22m[31m    at <unknown> (Error: 
./src/components/ui/skeleton.tsx:10:7)
[2m[WebServer] [22m    at <unknown> (Error: 
(./src/components/ui/skeleton.tsx:10:7)[39m
[2m[WebServer] [22m[36m[browser][39m [31mUncaught Error: 
./src/components/ui/skeleton.tsx:10:7
[2m[WebServer] [22mUnexpected token `...`. Expected jsx identifier
[2m[WebServer] [22m   8 |     <div
[2m[WebServer] [22m   9 |       className={cn("animate-pulse rounded-md bg-muted", 
className)}
[2m[WebServer] [22m> 10 |       ...props
[2m[WebServer] [22m     |       ^^^
[2m[WebServer] [22m  11 |     />
[2m[WebServer] [22m  12 |   )
[2m[WebServer] [22m  13 | }
[2m[WebServer] [22m
[2m[WebServer] [22mParsing ecmascript source code failed
[2m[WebServer] [22m
[2m[WebServer] [22mImport traces:
[2m[WebServer] [22m  Client Component Browser:
[2m[WebServer] [22m    ./src/components/ui/skeleton.tsx [Client Component Browser]
[2m[WebServer] [22m    ./src/app/dashboard/page.tsx [Client Component Browser]
[2m[WebServer] [22m    ./src/app/dashboard/page.tsx [Server Component]
[2m[WebServer] [22m
[2m[WebServer] [22m  Client Component SSR:
[2m[WebServer] [22m    ./src/components/ui/skeleton.tsx [Client Component SSR]
[2m[WebServer] [22m    ./src/app/dashboard/page.tsx [Client Component SSR]
[2m[WebServer] [22m    ./src/app/dashboard/page.tsx [Server Component]
[2m[WebServer] [22m
[2m[WebServer] [22m[39m
[2m[WebServer] [22m[31m    at <unknown> (Error: 
./src/components/ui/skeleton.tsx:10:7)
[2m[WebServer] [22m    at <unknown> (Error: 
(./src/components/ui/skeleton.tsx:10:7)[39m
[2m[WebServer] [22m[36m[browser][39m [31mUncaught Error: 
./src/components/ui/skeleton.tsx:10:7
[2m[WebServer] [22mUnexpected token `...`. Expected jsx identifier
[2m[WebServer] [22m   8 |     <div
[2m[WebServer] [22m   9 |       className={cn("animate-pulse rounded-md bg-muted", 
className)}
[2m[WebServer] [22m> 10 |       ...props
[2m[WebServer] [22m     |       ^^^
[2m[WebServer] [22m  11 |     />
[2m[WebServer] [22m  12 |   )
[2m[WebServer] [22m  13 | }
[2m[WebServer] [22m
[2m[WebServer] [22mParsing ecmascript source code failed
[2m[WebServer] [22m
[2m[WebServer] [22mImport traces:
[2m[WebServer] [22m  Client Component Browser:
[2m[WebServer] [22m    ./src/components/ui/skeleton.tsx [Client Component Browser]
[2m[WebServer] [22m    ./src/app/dashboard/page.tsx [Client Component Browser]
[2m[WebServer] [22m    ./src/app/dashboard/page.tsx [Server Component]
[2m[WebServer] [22m
[2m[WebServer] [22m  Client Component SSR:
[2m[WebServer] [22m    ./src/components/ui/skeleton.tsx [Client Component SSR]
[2m[WebServer] [22m    ./src/app/dashboard/page.tsx [Client Component SSR]
[2m[WebServer] [22m    ./src/app/dashboard/page.tsx [Server Component]
[2m[WebServer] [22m
[2m[WebServer] [22m[39m
[2m[WebServer] [22m[31m    at <unknown> (Error: 
./src/components/ui/skeleton.tsx:10:7)
[2m[WebServer] [22m    at <unknown> (Error: 
(./src/components/ui/skeleton.tsx:10:7)[39m
[2m[WebServer] [22m[36m[browser][39m ./src/components/ui/skeleton.tsx:10:7
[2m[WebServer] [22mUnexpected token `...`. Expected jsx identifier
[2m[WebServer] [22m   8 |     <div
[2m[WebServer] [22m   9 |       className={cn("animate-pulse rounded-md bg-muted", 
className)}
[2m[WebServer] [22m> 10 |       ...props
[2m[WebServer] [22m     |       ^^^
[2m[WebServer] [22m  11 |     />
[2m[WebServer] [22m  12 |   )
[2m[WebServer] [22m  13 | }
[2m[WebServer] [22m
[2m[WebServer] [22mParsing ecmascript source code failed
[2m[WebServer] [22m
[2m[WebServer] [22mImport traces:
[2m[WebServer] [22m  Client Component Browser:
[2m[WebServer] [22m    ./src/components/ui/skeleton.tsx [Client Component Browser]
[2m[WebServer] [22m    ./src/app/dashboard/page.tsx [Client Component Browser]
[2m[WebServer] [22m    ./src/app/dashboard/page.tsx [Server Component]
[2m[WebServer] [22m
[2m[WebServer] [22m  Client Component SSR:
[2m[WebServer] [22m    ./src/components/ui/skeleton.tsx [Client Component SSR]
[2m[WebServer] [22m    ./src/app/dashboard/page.tsx [Client Component SSR]
[2m[WebServer] [22m    ./src/app/dashboard/page.tsx [Server Component] 
[2m[WebServer] [22m[31m    at handleErrors (file://C:/GAWE/Web Dev/Porto Aureon/ERP 
FROM ZERO/frontend/.next/dev/static/chunks/node_modules_next_dist_client_0pe1dg-._.js:2
773:21)
[2m[WebServer] [22m    at processMessage (file://C:/GAWE/Web Dev/Porto Aureon/ERP 
FROM ZERO/frontend/.next/dev/static/chunks/node_modules_next_dist_client_0pe1dg-._.js:2
834:28)
[2m[WebServer] [22m    at <unknown> (file://C:/GAWE/Web Dev/Porto Aureon/ERP FROM ZER
O/frontend/.next/dev/static/chunks/node_modules_next_dist_client_0pe1dg-._.js:2679:13)
[2m[WebServer] [22m    at WebSocket.handleMessage (file://C:/GAWE/Web Dev/Porto 
Aureon/ERP FROM ZERO/frontend/.next/dev/static/chunks/node_modules_next_dist_client_0pe
1dg-._.js:2324:17)[39m [2m(file://C:/GAWE/Web Dev/Porto Aureon/ERP FROM ZERO/frontend
/.next/dev/static/chunks/node_modules_next_dist_client_0pe1dg-._.js:2773:21)[22m
[2m[WebServer] [22m[36m[browser][39m ./src/components/ui/skeleton.tsx:10:7
[2m[WebServer] [22mUnexpected token `...`. Expected jsx identifier
[2m[WebServer] [22m   8 |     <div
[2m[WebServer] [22m   9 |       className={cn("animate-pulse rounded-md bg-muted", 
className)}
[2m[WebServer] [22m> 10 |       ...props
[2m[WebServer] [22m     |       ^^^
[2m[WebServer] [22m  11 |     />
[2m[WebServer] [22m  12 |   )
[2m[WebServer] [22m  13 | }
[2m[WebServer] [22m
[2m[WebServer] [22mParsing ecmascript source code failed
[2m[WebServer] [22m
[2m[WebServer] [22mImport traces:
[2m[WebServer] [22m  Client Component Browser:
[2m[WebServer] [22m    ./src/components/ui/skeleton.tsx [Client Component Browser]
[2m[WebServer] [22m    ./src/app/dashboard/page.tsx [Client Component Browser]
[2m[WebServer] [22m    ./src/app/dashboard/page.tsx [Server Component]
[2m[WebServer] [22m
[2m[WebServer] [22m  Client Component SSR:
[2m[WebServer] [22m    ./src/components/ui/skeleton.tsx [Client Component SSR]
[2m[WebServer] [22m    ./src/app/dashboard/page.tsx [Client Component SSR]
[2m[WebServer] [22m    ./src/app/dashboard/page.tsx [Server Component] 
[2m[WebServer] [22m[31m    at handleErrors (file://C:/GAWE/Web Dev/Porto Aureon/ERP 
FROM ZERO/frontend/.next/dev/static/chunks/node_modules_next_dist_client_0pe1dg-._.js:2
773:21)
[2m[WebServer] [22m    at processMessage (file://C:/GAWE/Web Dev/Porto Aureon/ERP 
FROM ZERO/frontend/.next/dev/static/chunks/node_modules_next_dist_client_0pe1dg-._.js:2
834:28)
[2m[WebServer] [22m    at <unknown> (file://C:/GAWE/Web Dev/Porto Aureon/ERP FROM ZER
O/frontend/.next/dev/static/chunks/node_modules_next_dist_client_0pe1dg-._.js:2679:13)
[2m[WebServer] [22m    at WebSocket.handleMessage (file://C:/GAWE/Web Dev/Porto 
Aureon/ERP FROM ZERO/frontend/.next/dev/static/chunks/node_modules_next_dist_client_0pe
1dg-._.js:2324:17)[39m [2m(file://C:/GAWE/Web Dev/Porto Aureon/ERP FROM ZERO/frontend
/.next/dev/static/chunks/node_modules_next_dist_client_0pe1dg-._.js:2773:21)[22m
[2m[WebServer] [22m[36m[browser][39m ./src/components/ui/skeleton.tsx:10:7
[2m[WebServer] [22mUnexpected token `...`. Expected jsx identifier
[2m[WebServer] [22m   8 |     <div
[2m[WebServer] [22m   9 |       className={cn("animate-pulse rounded-md bg-muted", 
className)}
[2m[WebServer] [22m> 10 |       ...props
[2m[WebServer] [22m     |       ^^^
[2m[WebServer] [22m  11 |     />
[2m[WebServer] [22m  12 |   )
[2m[WebServer] [22m  13 | }
[2m[WebServer] [22m
[2m[WebServer] [22mParsing ecmascript source code failed
[2m[WebServer] [22m
[2m[WebServer] [22mImport traces:
[2m[WebServer] [22m  Client Component Browser:
[2m[WebServer] [22m    ./src/components/ui/skeleton.tsx [Client Component Browser]
[2m[WebServer] [22m    ./src/app/dashboard/page.tsx [Client Component Browser]
[2m[WebServer] [22m    ./src/app/dashboard/page.tsx [Server Component]
[2m[WebServer] [22m
[2m[WebServer] [22m  Client Component SSR:
[2m[WebServer] [22m    ./src/components/ui/skeleton.tsx [Client Component SSR]
[2m[WebServer] [22m    ./src/app/dashboard/page.tsx [Client Component SSR]
[2m[WebServer] [22m    ./src/app/dashboard/page.tsx [Server Component] 
[2m[WebServer] [22m[31m    at handleErrors (file://C:/GAWE/Web Dev/Porto Aureon/ERP 
FROM ZERO/frontend/.next/dev/static/chunks/node_modules_next_dist_client_0pe1dg-._.js:2
773:21)
[2m[WebServer] [22m    at processMessage (file://C:/GAWE/Web Dev/Porto Aureon/ERP 
FROM ZERO/frontend/.next/dev/static/chunks/node_modules_next_dist_client_0pe1dg-._.js:2
834:28)
[2m[WebServer] [22m    at <unknown> (file://C:/GAWE/Web Dev/Porto Aureon/ERP FROM ZER
O/frontend/.next/dev/static/chunks/node_modules_next_dist_client_0pe1dg-._.js:2679:13)
[2m[WebServer] [22m    at WebSocket.handleMessage (file://C:/GAWE/Web Dev/Porto 
Aureon/ERP FROM ZERO/frontend/.next/dev/static/chunks/node_modules_next_dist_client_0pe
1dg-._.js:2324:17)[39m [2m(file://C:/GAWE/Web Dev/Porto Aureon/ERP FROM ZERO/frontend
/.next/dev/static/chunks/node_modules_next_dist_client_0pe1dg-._.js:2773:21)[22m
[2m[WebServer] [22m[36m[browser][39m [31mUncaught Error: 
./src/components/ui/skeleton.tsx:10:7
[2m[WebServer] [22mUnexpected token `...`. Expected jsx identifier
[2m[WebServer] [22m   8 |     <div
[2m[WebServer] [22m   9 |       className={cn("animate-pulse rounded-md bg-muted", 
className)}
[2m[WebServer] [22m> 10 |       ...props
[2m[WebServer] [22m     |       ^^^
[2m[WebServer] [22m  11 |     />
[2m[WebServer] [22m  12 |   )
[2m[WebServer] [22m  13 | }
[2m[WebServer] [22m
[2m[WebServer] [22mParsing ecmascript source code failed
[2m[WebServer] [22m
[2m[WebServer] [22mImport traces:
[2m[WebServer] [22m  Client Component Browser:
[2m[WebServer] [22m    ./src/components/ui/skeleton.tsx [Client Component Browser]
[2m[WebServer] [22m    ./src/app/dashboard/page.tsx [Client Component Browser]
[2m[WebServer] [22m    ./src/app/dashboard/page.tsx [Server Component]
[2m[WebServer] [22m
[2m[WebServer] [22m  Client Component SSR:
[2m[WebServer] [22m    ./src/components/ui/skeleton.tsx [Client Component SSR]
[2m[WebServer] [22m    ./src/app/dashboard/page.tsx [Client Component SSR]
[2m[WebServer] [22m    ./src/app/dashboard/page.tsx [Server Component]
[2m[WebServer] [22m
[2m[WebServer] [22m[39m
[2m[WebServer] [22m[31m    at <unknown> (Error: 
./src/components/ui/skeleton.tsx:10:7)
[2m[WebServer] [22m    at <unknown> (Error: 
(./src/components/ui/skeleton.tsx:10:7)[39m
[2m[WebServer] [22m[36m[browser][39m ./src/components/ui/skeleton.tsx:10:7
[2m[WebServer] [22mUnexpected token `...`. Expected jsx identifier
[2m[WebServer] [22m   8 |     <div
[2m[WebServer] [22m   9 |       className={cn("animate-pulse rounded-md bg-muted", 
className)}
[2m[WebServer] [22m> 10 |       ...props
[2m[WebServer] [22m     |       ^^^
[2m[WebServer] [22m  11 |     />
[2m[WebServer] [22m  12 |   )
[2m[WebServer] [22m  13 | }
[2m[WebServer] [22m
[2m[WebServer] [22mParsing ecmascript source code failed
[2m[WebServer] [22m
[2m[WebServer] [22mImport traces:
[2m[WebServer] [22m  Client Component Browser:
[2m[WebServer] [22m    ./src/components/ui/skeleton.tsx [Client Component Browser]
[2m[WebServer] [22m    ./src/app/dashboard/page.tsx [Client Component Browser]
[2m[WebServer] [22m    ./src/app/dashboard/page.tsx [Server Component]
[2m[WebServer] [22m
[2m[WebServer] [22m  Client Component SSR:
[2m[WebServer] [22m    ./src/components/ui/skeleton.tsx [Client Component SSR]
[2m[WebServer] [22m    ./src/app/dashboard/page.tsx [Client Component SSR]
[2m[WebServer] [22m    ./src/app/dashboard/page.tsx [Server Component] 
[2m[WebServer] [22m[31m    at handleErrors (file://C:/GAWE/Web Dev/Porto Aureon/ERP 
FROM ZERO/frontend/.next/dev/static/chunks/node_modules_next_dist_client_0pe1dg-._.js:2
773:21)
[2m[WebServer] [22m    at processMessage (file://C:/GAWE/Web Dev/Porto Aureon/ERP 
FROM ZERO/frontend/.next/dev/static/chunks/node_modules_next_dist_client_0pe1dg-._.js:2
834:28)
[2m[WebServer] [22m    at <unknown> (file://C:/GAWE/Web Dev/Porto Aureon/ERP FROM ZER
O/frontend/.next/dev/static/chunks/node_modules_next_dist_client_0pe1dg-._.js:2679:13)
[2m[WebServer] [22m    at WebSocket.handleMessage (file://C:/GAWE/Web Dev/Porto 
Aureon/ERP FROM ZERO/frontend/.next/dev/static/chunks/node_modules_next_dist_client_0pe
1dg-._.js:2324:17)[39m [2m(file://C:/GAWE/Web Dev/Porto Aureon/ERP FROM ZERO/frontend
/.next/dev/static/chunks/node_modules_next_dist_client_0pe1dg-._.js:2773:21)[22m
[2m[WebServer] [22m[36m[browser][39m ./src/components/ui/skeleton.tsx:10:7
[2m[WebServer] [22mUnexpected token `...`. Expected jsx identifier
[2m[WebServer] [22m   8 |     <div
[2m[WebServer] [22m   9 |       className={cn("animate-pulse rounded-md bg-muted", 
className)}
[2m[WebServer] [22m> 10 |       ...props
[2m[WebServer] [22m     |       ^^^
[2m[WebServer] [22m  11 |     />
[2m[WebServer] [22m  12 |   )
[2m[WebServer] [22m  13 | }
[2m[WebServer] [22m
[2m[WebServer] [22mParsing ecmascript source code failed
[2m[WebServer] [22m
[2m[WebServer] [22mImport traces:
[2m[WebServer] [22m  Client Component Browser:
[2m[WebServer] [22m    ./src/components/ui/skeleton.tsx [Client Component Browser]
[2m[WebServer] [22m    ./src/app/dashboard/page.tsx [Client Component Browser]
[2m[WebServer] [22m    ./src/app/dashboard/page.tsx [Server Component]
[2m[WebServer] [22m
[2m[WebServer] [22m  Client Component SSR:
[2m[WebServer] [22m    ./src/components/ui/skeleton.tsx [Client Component SSR]
[2m[WebServer] [22m    ./src/app/dashboard/page.tsx [Client Component SSR]
[2m[WebServer] [22m    ./src/app/dashboard/page.tsx [Server Component] 
[2m[WebServer] [22m[31m    at handleErrors (file://C:/GAWE/Web Dev/Porto Aureon/ERP 
FROM ZERO/frontend/.next/dev/static/chunks/node_modules_next_dist_client_0fhqo1d._.js:1
3828:21)
[2m[WebServer] [22m    at processMessage (file://C:/GAWE/Web Dev/Porto Aureon/ERP 
FROM ZERO/frontend/.next/dev/static/chunks/node_modules_next_dist_client_0fhqo1d._.js:1
3891:21)
[2m[WebServer] [22m    at WebSocket.handleMessage (file://C:/GAWE/Web Dev/Porto 
Aureon/ERP FROM ZERO/frontend/.next/dev/static/chunks/node_modules_next_dist_client_0fh
qo1d._.js:13335:52)[39m [2m(file://C:/GAWE/Web Dev/Porto Aureon/ERP FROM ZERO/fronten
d/.next/dev/static/chunks/node_modules_next_dist_client_0fhqo1d._.js:13828:21)[22m
[2m[WebServer] [22m[36m[browser][39m ./src/components/ui/skeleton.tsx:10:7
[2m[WebServer] [22mUnexpected token `...`. Expected jsx identifier
[2m[WebServer] [22m   8 |     <div
[2m[WebServer] [22m   9 |       className={cn("animate-pulse rounded-md bg-muted", 
className)}
[2m[WebServer] [22m> 10 |       ...props
[2m[WebServer] [22m     |       ^^^
[2m[WebServer] [22m  11 |     />
[2m[WebServer] [22m  12 |   )
[2m[WebServer] [22m  13 | }
[2m[WebServer] [22m
[2m[WebServer] [22mParsing ecmascript source code failed
[2m[WebServer] [22m
[2m[WebServer] [22mImport traces:
[2m[WebServer] [22m  Client Component Browser:
[2m[WebServer] [22m    ./src/components/ui/skeleton.tsx [Client Component Browser]
[2m[WebServer] [22m    ./src/app/dashboard/page.tsx [Client Component Browser]
[2m[WebServer] [22m    ./src/app/dashboard/page.tsx [Server Component]
[2m[WebServer] [22m
[2m[WebServer] [22m  Client Component SSR:
[2m[WebServer] [22m    ./src/components/ui/skeleton.tsx [Client Component SSR]
[2m[WebServer] [22m    ./src/app/dashboard/page.tsx [Client Component SSR]
[2m[WebServer] [22m    ./src/app/dashboard/page.tsx [Server Component] 
[2m[WebServer] [22m[31m    at handleErrors (file://C:/GAWE/Web Dev/Porto Aureon/ERP 
FROM ZERO/frontend/.next/dev/static/chunks/node_modules_next_dist_client_0pe1dg-._.js:2
773:21)
[2m[WebServer] [22m    at processMessage (file://C:/GAWE/Web Dev/Porto Aureon/ERP 
FROM ZERO/frontend/.next/dev/static/chunks/node_modules_next_dist_client_0pe1dg-._.js:2
834:28)
[2m[WebServer] [22m    at <unknown> (file://C:/GAWE/Web Dev/Porto Aureon/ERP FROM ZER
O/frontend/.next/dev/static/chunks/node_modules_next_dist_client_0pe1dg-._.js:2679:13)
[2m[WebServer] [22m    at WebSocket.handleMessage (file://C:/GAWE/Web Dev/Porto 
Aureon/ERP FROM ZERO/frontend/.next/dev/static/chunks/node_modules_next_dist_client_0pe
1dg-._.js:2324:17)[39m [2m(file://C:/GAWE/Web Dev/Porto Aureon/ERP FROM ZERO/frontend
/.next/dev/static/chunks/node_modules_next_dist_client_0pe1dg-._.js:2773:21)[22m
[2m[WebServer] [22m[36m[browser][39m ./src/components/ui/skeleton.tsx:10:7
[2m[WebServer] [22mUnexpected token `...`. Expected jsx identifier
[2m[WebServer] [22m   8 |     <div
[2m[WebServer] [22m   9 |       className={cn("animate-pulse rounded-md bg-muted", 
className)}
[2m[WebServer] [22m> 10 |       ...props
[2m[WebServer] [22m     |       ^^^
[2m[WebServer] [22m  11 |     />
[2m[WebServer] [22m  12 |   )
[2m[WebServer] [22m  13 | }
[2m[WebServer] [22m
[2m[WebServer] [22mParsing ecmascript source code failed
[2m[WebServer] [22m
[2m[WebServer] [22mImport traces:
[2m[WebServer] [22m  Client Component Browser:
[2m[WebServer] [22m    ./src/components/ui/skeleton.tsx [Client Component Browser]
[2m[WebServer] [22m    ./src/app/dashboard/page.tsx [Client Component Browser]
[2m[WebServer] [22m    ./src/app/dashboard/page.tsx [Server Component]
[2m[WebServer] [22m
[2m[WebServer] [22m  Client Component SSR:
[2m[WebServer] [22m    ./src/components/ui/skeleton.tsx [Client Component SSR]
[2m[WebServer] [22m    ./src/app/dashboard/page.tsx [Client Component SSR]
[2m[WebServer] [22m    ./src/app/dashboard/page.tsx [Server Component] 
[2m[WebServer] [22m[31m    at handleErrors (file://C:/GAWE/Web Dev/Porto Aureon/ERP 
FROM ZERO/frontend/.next/dev/static/chunks/node_modules_next_dist_client_0pe1dg-._.js:2
773:21)
[2m[WebServer] [22m    at processMessage (file://C:/GAWE/Web Dev/Porto Aureon/ERP 
FROM ZERO/frontend/.next/dev/static/chunks/node_modules_next_dist_client_0pe1dg-._.js:2
834:28)
[2m[WebServer] [22m    at <unknown> (file://C:/GAWE/Web Dev/Porto Aureon/ERP FROM ZER
O/frontend/.next/dev/static/chunks/node_modules_next_dist_client_0pe1dg-._.js:2679:13)
[2m[WebServer] [22m    at WebSocket.handleMessage (file://C:/GAWE/Web Dev/Porto 
Aureon/ERP FROM ZERO/frontend/.next/dev/static/chunks/node_modules_next_dist_client_0pe
1dg-._.js:2324:17)[39m [2m(file://C:/GAWE/Web Dev/Porto Aureon/ERP FROM ZERO/frontend
/.next/dev/static/chunks/node_modules_next_dist_client_0pe1dg-._.js:2773:21)[22m
[2m[WebServer] [22m[36m[browser][39m ./src/components/ui/skeleton.tsx:10:7
[2m[WebServer] [22mUnexpected token `...`. Expected jsx identifier
[2m[WebServer] [22m   8 |     <div
[2m[WebServer] [22m   9 |       className={cn("animate-pulse rounded-md bg-muted", 
className)}
[2m[WebServer] [22m> 10 |       ...props
[2m[WebServer] [22m     |       ^^^
[2m[WebServer] [22m  11 |     />
[2m[WebServer] [22m  12 |   )
[2m[WebServer] [22m  13 | }
[2m[WebServer] [22m
[2m[WebServer] [22mParsing ecmascript source code failed
[2m[WebServer] [22m
[2m[WebServer] [22mImport traces:
[2m[WebServer] [22m  Client Component Browser:
[2m[WebServer] [22m    ./src/components/ui/skeleton.tsx [Client Component Browser]
[2m[WebServer] [22m    ./src/app/dashboard/page.tsx [Client Component Browser]
[2m[WebServer] [22m    ./src/app/dashboard/page.tsx [Server Component]
[2m[WebServer] [22m
[2m[WebServer] [22m  Client Component SSR:
[2m[WebServer] [22m    ./src/components/ui/skeleton.tsx [Client Component SSR]
[2m[WebServer] [22m    ./src/app/dashboard/page.tsx [Client Component SSR]
[2m[WebServer] [22m    ./src/app/dashboard/page.tsx [Server Component] 
[2m[WebServer] [22m[31m    at handleErrors (file://C:/GAWE/Web Dev/Porto Aureon/ERP 
FROM ZERO/frontend/.next/dev/static/chunks/node_modules_next_dist_client_0pe1dg-._.js:2
773:21)
[2m[WebServer] [22m    at processMessage (file://C:/GAWE/Web Dev/Porto Aureon/ERP 
FROM ZERO/frontend/.next/dev/static/chunks/node_modules_next_dist_client_0pe1dg-._.js:2
834:28)
[2m[WebServer] [22m    at <unknown> (file://C:/GAWE/Web Dev/Porto Aureon/ERP FROM ZER
O/frontend/.next/dev/static/chunks/node_modules_next_dist_client_0pe1dg-._.js:2679:13)
[2m[WebServer] [22m    at WebSocket.handleMessage (file://C:/GAWE/Web Dev/Porto 
Aureon/ERP FROM ZERO/frontend/.next/dev/static/chunks/node_modules_next_dist_client_0pe
1dg-._.js:2324:17)[39m [2m(file://C:/GAWE/Web Dev/Porto Aureon/ERP FROM ZERO/frontend
/.next/dev/static/chunks/node_modules_next_dist_client_0pe1dg-._.js:2773:21)[22m
[2m[WebServer] [22m[36m[browser][39m ./src/components/ui/skeleton.tsx:10:7
[2m[WebServer] [22mUnexpected token `...`. Expected jsx identifier
[2m[WebServer] [22m   8 |     <div
[2m[WebServer] [22m   9 |       className={cn("animate-pulse rounded-md bg-muted", 
className)}
[2m[WebServer] [22m> 10 |       ...props
[2m[WebServer] [22m     |       ^^^
[2m[WebServer] [22m  11 |     />
[2m[WebServer] [22m  12 |   )
[2m[WebServer] [22m  13 | }
[2m[WebServer] [22m
[2m[WebServer] [22mParsing ecmascript source code failed
[2m[WebServer] [22m
[2m[WebServer] [22mImport traces:
[2m[WebServer] [22m  Client Component Browser:
[2m[WebServer] [22m    ./src/components/ui/skeleton.tsx [Client Component Browser]
[2m[WebServer] [22m    ./src/app/dashboard/page.tsx [Client Component Browser]
[2m[WebServer] [22m    ./src/app/dashboard/page.tsx [Server Component]
[2m[WebServer] [22m
[2m[WebServer] [22m  Client Component SSR:
[2m[WebServer] [22m    ./src/components/ui/skeleton.tsx [Client Component SSR]
[2m[WebServer] [22m    ./src/app/dashboard/page.tsx [Client Component SSR]
[2m[WebServer] [22m    ./src/app/dashboard/page.tsx [Server Component] 
[2m[WebServer] [22m[31m    at handleErrors (file://C:/GAWE/Web Dev/Porto Aureon/ERP 
FROM ZERO/frontend/.next/dev/static/chunks/node_modules_next_dist_client_0pe1dg-._.js:2
773:21)
[2m[WebServer] [22m    at processMessage (file://C:/GAWE/Web Dev/Porto Aureon/ERP 
FROM ZERO/frontend/.next/dev/static/chunks/node_modules_next_dist_client_0pe1dg-._.js:2
834:28)
[2m[WebServer] [22m    at <unknown> (file://C:/GAWE/Web Dev/Porto Aureon/ERP FROM ZER
O/frontend/.next/dev/static/chunks/node_modules_next_dist_client_0pe1dg-._.js:2679:13)
[2m[WebServer] [22m    at WebSocket.handleMessage (file://C:/GAWE/Web Dev/Porto 
Aureon/ERP FROM ZERO/frontend/.next/dev/static/chunks/node_modules_next_dist_client_0pe
1dg-._.js:2324:17)[39m [2m(file://C:/GAWE/Web Dev/Porto Aureon/ERP FROM ZERO/frontend
/.next/dev/static/chunks/node_modules_next_dist_client_0pe1dg-._.js:2773:21)[22m
[2m[WebServer] [22m[36m[browser][39m ./src/components/ui/skeleton.tsx:10:7
[2m[WebServer] [22mUnexpected token `...`. Expected jsx identifier
[2m[WebServer] [22m   8 |     <div
[2m[WebServer] [22m   9 |       className={cn("animate-pulse rounded-md bg-muted", 
className)}
[2m[WebServer] [22m> 10 |       ...props
[2m[WebServer] [22m     |       ^^^
[2m[WebServer] [22m  11 |     />
[2m[WebServer] [22m  12 |   )
[2m[WebServer] [22m  13 | }
[2m[WebServer] [22m
[2m[WebServer] [22mParsing ecmascript source code failed
[2m[WebServer] [22m
[2m[WebServer] [22mImport traces:
[2m[WebServer] [22m  Client Component Browser:
[2m[WebServer] [22m    ./src/components/ui/skeleton.tsx [Client Component Browser]
[2m[WebServer] [22m    ./src/app/dashboard/page.tsx [Client Component Browser]
[2m[WebServer] [22m    ./src/app/dashboard/page.tsx [Server Component]
[2m[WebServer] [22m
[2m[WebServer] [22m  Client Component SSR:
[2m[WebServer] [22m    ./src/components/ui/skeleton.tsx [Client Component SSR]
[2m[WebServer] [22m    ./src/app/dashboard/page.tsx [Client Component SSR]
[2m[WebServer] [22m    ./src/app/dashboard/page.tsx [Server Component] 
[2m[WebServer] [22m[31m    at handleErrors (file://C:/GAWE/Web Dev/Porto Aureon/ERP 
FROM ZERO/frontend/.next/dev/static/chunks/node_modules_next_dist_client_0pe1dg-._.js:2
773:21)
[2m[WebServer] [22m    at processMessage (file://C:/GAWE/Web Dev/Porto Aureon/ERP 
FROM ZERO/frontend/.next/dev/static/chunks/node_modules_next_dist_client_0pe1dg-._.js:2
834:28)
[2m[WebServer] [22m    at <unknown> (file://C:/GAWE/Web Dev/Porto Aureon/ERP FROM ZER
O/frontend/.next/dev/static/chunks/node_modules_next_dist_client_0pe1dg-._.js:2679:13)
[2m[WebServer] [22m    at WebSocket.handleMessage (file://C:/GAWE/Web Dev/Porto 
Aureon/ERP FROM ZERO/frontend/.next/dev/static/chunks/node_modules_next_dist_client_0pe
1dg-._.js:2324:17)[39m [2m(file://C:/GAWE/Web Dev/Porto Aureon/ERP FROM ZERO/frontend
/.next/dev/static/chunks/node_modules_next_dist_client_0pe1dg-._.js:2773:21)[22m
[2m[WebServer] [22m[36m[browser][39m ./src/components/ui/skeleton.tsx:10:7
[2m[WebServer] [22mUnexpected token `...`. Expected jsx identifier
[2m[WebServer] [22m   8 |     <div
[2m[WebServer] [22m   9 |       className={cn("animate-pulse rounded-md bg-muted", 
className)}
[2m[WebServer] [22m> 10 |       ...props
[2m[WebServer] [22m     |       ^^^
[2m[WebServer] [22m  11 |     />
[2m[WebServer] [22m  12 |   )
[2m[WebServer] [22m  13 | }
[2m[WebServer] [22m
[2m[WebServer] [22mParsing ecmascript source code failed
[2m[WebServer] [22m
[2m[WebServer] [22mImport traces:
[2m[WebServer] [22m  Client Component Browser:
[2m[WebServer] [22m    ./src/components/ui/skeleton.tsx [Client Component Browser]
[2m[WebServer] [22m    ./src/app/dashboard/page.tsx [Client Component Browser]
[2m[WebServer] [22m    ./src/app/dashboard/page.tsx [Server Component]
[2m[WebServer] [22m
[2m[WebServer] [22m  Client Component SSR:
[2m[WebServer] [22m    ./src/components/ui/skeleton.tsx [Client Component SSR]
[2m[WebServer] [22m    ./src/app/dashboard/page.tsx [Client Component SSR]
[2m[WebServer] [22m    ./src/app/dashboard/page.tsx [Server Component] 
[2m[WebServer] [22m[31m    at handleErrors (file://C:/GAWE/Web Dev/Porto Aureon/ERP 
FROM ZERO/frontend/.next/dev/static/chunks/node_modules_next_dist_client_0fhqo1d._.js:1
3828:21)
[2m[WebServer] [22m    at processMessage (file://C:/GAWE/Web Dev/Porto Aureon/ERP 
FROM ZERO/frontend/.next/dev/static/chunks/node_modules_next_dist_client_0fhqo1d._.js:1
3891:21)
[2m[WebServer] [22m    at WebSocket.handleMessage (file://C:/GAWE/Web Dev/Porto 
Aureon/ERP FROM ZERO/frontend/.next/dev/static/chunks/node_modules_next_dist_client_0fh
qo1d._.js:13335:52)[39m [2m(file://C:/GAWE/Web Dev/Porto Aureon/ERP FROM ZERO/fronten
d/.next/dev/static/chunks/node_modules_next_dist_client_0fhqo1d._.js:13828:21)[22m
[2m[WebServer] [22m[36m[browser][39m ./src/components/ui/skeleton.tsx:10:7
[2m[WebServer] [22mUnexpected token `...`. Expected jsx identifier
[2m[WebServer] [22m   8 |     <div
[2m[WebServer] [22m   9 |       className={cn("animate-pulse rounded-md bg-muted", 
className)}
[2m[WebServer] [22m> 10 |       ...props
[2m[WebServer] [22m     |       ^^^
[2m[WebServer] [22m  11 |     />
[2m[WebServer] [22m  12 |   )
[2m[WebServer] [22m  13 | }
[2m[WebServer] [22m
[2m[WebServer] [22mParsing ecmascript source code failed
[2m[WebServer] [22m
[2m[WebServer] [22mImport traces:
[2m[WebServer] [22m  Client Component Browser:
[2m[WebServer] [22m    ./src/components/ui/skeleton.tsx [Client Component Browser]
[2m[WebServer] [22m    ./src/app/dashboard/page.tsx [Client Component Browser]
[2m[WebServer] [22m    ./src/app/dashboard/page.tsx [Server Component]
[2m[WebServer] [22m
[2m[WebServer] [22m  Client Component SSR:
[2m[WebServer] [22m    ./src/components/ui/skeleton.tsx [Client Component SSR]
[2m[WebServer] [22m    ./src/app/dashboard/page.tsx [Client Component SSR]
[2m[WebServer] [22m    ./src/app/dashboard/page.tsx [Server Component] 
[2m[WebServer] [22m[31m    at handleErrors (file://C:/GAWE/Web Dev/Porto Aureon/ERP 
FROM ZERO/frontend/.next/dev/static/chunks/node_modules_next_dist_client_0pe1dg-._.js:2
773:21)
[2m[WebServer] [22m    at processMessage (file://C:/GAWE/Web Dev/Porto Aureon/ERP 
FROM ZERO/frontend/.next/dev/static/chunks/node_modules_next_dist_client_0pe1dg-._.js:2
834:28)
[2m[WebServer] [22m    at <unknown> (file://C:/GAWE/Web Dev/Porto Aureon/ERP FROM ZER
O/frontend/.next/dev/static/chunks/node_modules_next_dist_client_0pe1dg-._.js:2679:13)
[2m[WebServer] [22m    at WebSocket.handleMessage (file://C:/GAWE/Web Dev/Porto 
Aureon/ERP FROM ZERO/frontend/.next/dev/static/chunks/node_modules_next_dist_client_0pe
1dg-._.js:2324:17)[39m [2m(file://C:/GAWE/Web Dev/Porto Aureon/ERP FROM ZERO/frontend
/.next/dev/static/chunks/node_modules_next_dist_client_0pe1dg-._.js:2773:21)[22m
[2m[WebServer] [22m[36m[browser][39m ./src/components/ui/skeleton.tsx:10:7
[2m[WebServer] [22mUnexpected token `...`. Expected jsx identifier
[2m[WebServer] [22m   8 |     <div
[2m[WebServer] [22m   9 |       className={cn("animate-pulse rounded-md bg-muted", 
className)}
[2m[WebServer] [22m> 10 |       ...props
[2m[WebServer] [22m     |       ^^^
[2m[WebServer] [22m  11 |     />
[2m[WebServer] [22m  12 |   )
[2m[WebServer] [22m  13 | }
[2m[WebServer] [22m
[2m[WebServer] [22mParsing ecmascript source code failed
[2m[WebServer] [22m
[2m[WebServer] [22mImport traces:
[2m[WebServer] [22m  Client Component Browser:
[2m[WebServer] [22m    ./src/components/ui/skeleton.tsx [Client Component Browser]
[2m[WebServer] [22m    ./src/app/dashboard/page.tsx [Client Component Browser]
[2m[WebServer] [22m    ./src/app/dashboard/page.tsx [Server Component]
[2m[WebServer] [22m
[2m[WebServer] [22m  Client Component SSR:
[2m[WebServer] [22m    ./src/components/ui/skeleton.tsx [Client Component SSR]
[2m[WebServer] [22m    ./src/app/dashboard/page.tsx [Client Component SSR]
[2m[WebServer] [22m    ./src/app/dashboard/page.tsx [Server Component] 
[2m[WebServer] [22m[31m    at handleErrors (file://C:/GAWE/Web Dev/Porto Aureon/ERP 
FROM ZERO/frontend/.next/dev/static/chunks/node_modules_next_dist_client_0pe1dg-._.js:2
773:21)
[2m[WebServer] [22m    at processMessage (file://C:/GAWE/Web Dev/Porto Aureon/ERP 
FROM ZERO/frontend/.next/dev/static/chunks/node_modules_next_dist_client_0pe1dg-._.js:2
834:28)
[2m[WebServer] [22m    at <unknown> (file://C:/GAWE/Web Dev/Porto Aureon/ERP FROM ZER
O/frontend/.next/dev/static/chunks/node_modules_next_dist_client_0pe1dg-._.js:2679:13)
[2m[WebServer] [22m    at WebSocket.handleMessage (file://C:/GAWE/Web Dev/Porto 
Aureon/ERP FROM ZERO/frontend/.next/dev/static/chunks/node_modules_next_dist_client_0pe
1dg-._.js:2324:17)[39m [2m(file://C:/GAWE/Web Dev/Porto Aureon/ERP FROM ZERO/frontend
/.next/dev/static/chunks/node_modules_next_dist_client_0pe1dg-._.js:2773:21)[22m
  Ô£ÿ  5 [chromium] ÔÇ║ tests\e2e\auth.spec.ts:29:7 ÔÇ║ Auth & RBAC Suite ÔÇ║ successful login with valid credentials (8.3s)
[2m[WebServer] [22m[36m[browser][39m ./src/components/ui/skeleton.tsx:10:7
[2m[WebServer] [22mUnexpected token `...`. Expected jsx identifier
[2m[WebServer] [22m   8 |     <div
[2m[WebServer] [22m   9 |       className={cn("animate-pulse rounded-md bg-muted", 
className)}
[2m[WebServer] [22m> 10 |       ...props
[2m[WebServer] [22m     |       ^^^
[2m[WebServer] [22m  11 |     />
[2m[WebServer] [22m  12 |   )
[2m[WebServer] [22m  13 | }
[2m[WebServer] [22m
[2m[WebServer] [22mParsing ecmascript source code failed
[2m[WebServer] [22m
[2m[WebServer] [22mImport traces:
[2m[WebServer] [22m  Client Component Browser:
[2m[WebServer] [22m    ./src/components/ui/skeleton.tsx [Client Component Browser]
[2m[WebServer] [22m    ./src/app/dashboard/page.tsx [Client Component Browser]
[2m[WebServer] [22m    ./src/app/dashboard/page.tsx [Server Component]
[2m[WebServer] [22m
[2m[WebServer] [22m  Client Component SSR:
[2m[WebServer] [22m    ./src/components/ui/skeleton.tsx [Client Component SSR]
[2m[WebServer] [22m    ./src/app/dashboard/page.tsx [Client Component SSR]
[2m[WebServer] [22m    ./src/app/dashboard/page.tsx [Server Component] 
[2m[WebServer] [22m[31m    at handleErrors (file://C:/GAWE/Web Dev/Porto Aureon/ERP 
FROM ZERO/frontend/.next/dev/static/chunks/node_modules_next_dist_client_0pe1dg-._.js:2
773:21)
[2m[WebServer] [22m    at processMessage (file://C:/GAWE/Web Dev/Porto Aureon/ERP 
FROM ZERO/frontend/.next/dev/static/chunks/node_modules_next_dist_client_0pe1dg-._.js:2
834:28)
[2m[WebServer] [22m    at <unknown> (file://C:/GAWE/Web Dev/Porto Aureon/ERP FROM ZER
O/frontend/.next/dev/static/chunks/node_modules_next_dist_client_0pe1dg-._.js:2679:13)
[2m[WebServer] [22m    at WebSocket.handleMessage (file://C:/GAWE/Web Dev/Porto 
Aureon/ERP FROM ZERO/frontend/.next/dev/static/chunks/node_modules_next_dist_client_0pe
1dg-._.js:2324:17)[39m [2m(file://C:/GAWE/Web Dev/Porto Aureon/ERP FROM ZERO/frontend
/.next/dev/static/chunks/node_modules_next_dist_client_0pe1dg-._.js:2773:21)[22m
[2m[WebServer] [22m[36m[browser][39m ./src/components/ui/skeleton.tsx:10:7
[2m[WebServer] [22mUnexpected token `...`. Expected jsx identifier
[2m[WebServer] [22m   8 |     <div
[2m[WebServer] [22m   9 |       className={cn("animate-pulse rounded-md bg-muted", 
className)}
[2m[WebServer] [22m> 10 |       ...props
[2m[WebServer] [22m     |       ^^^
[2m[WebServer] [22m  11 |     />
[2m[WebServer] [22m  12 |   )
[2m[WebServer] [22m  13 | }
[2m[WebServer] [22m
[2m[WebServer] [22mParsing ecmascript source code failed
[2m[WebServer] [22m
[2m[WebServer] [22mImport traces:
[2m[WebServer] [22m  Client Component Browser:
[2m[WebServer] [22m    ./src/components/ui/skeleton.tsx [Client Component Browser]
[2m[WebServer] [22m    ./src/app/dashboard/page.tsx [Client Component Browser]
[2m[WebServer] [22m    ./src/app/dashboard/page.tsx [Server Component]
[2m[WebServer] [22m
[2m[WebServer] [22m  Client Component SSR:
[2m[WebServer] [22m    ./src/components/ui/skeleton.tsx [Client Component SSR]
[2m[WebServer] [22m    ./src/app/dashboard/page.tsx [Client Component SSR]
[2m[WebServer] [22m    ./src/app/dashboard/page.tsx [Server Component] 
[2m[WebServer] [22m[31m    at handleErrors (file://C:/GAWE/Web Dev/Porto Aureon/ERP 
FROM ZERO/frontend/.next/dev/static/chunks/node_modules_next_dist_client_0pe1dg-._.js:2
773:21)
[2m[WebServer] [22m    at processMessage (file://C:/GAWE/Web Dev/Porto Aureon/ERP 
FROM ZERO/frontend/.next/dev/static/chunks/node_modules_next_dist_client_0pe1dg-._.js:2
834:28)
[2m[WebServer] [22m    at <unknown> (file://C:/GAWE/Web Dev/Porto Aureon/ERP FROM ZER
O/frontend/.next/dev/static/chunks/node_modules_next_dist_client_0pe1dg-._.js:2679:13)
[2m[WebServer] [22m    at WebSocket.handleMessage (file://C:/GAWE/Web Dev/Porto 
Aureon/ERP FROM ZERO/frontend/.next/dev/static/chunks/node_modules_next_dist_client_0pe
1dg-._.js:2324:17)[39m [2m(file://C:/GAWE/Web Dev/Porto Aureon/ERP FROM ZERO/frontend
/.next/dev/static/chunks/node_modules_next_dist_client_0pe1dg-._.js:2773:21)[22m
[2m[WebServer] [22m[36m[browser][39m ./src/components/ui/skeleton.tsx:10:7
[2m[WebServer] [22mUnexpected token `...`. Expected jsx identifier
[2m[WebServer] [22m   8 |     <div
[2m[WebServer] [22m   9 |       className={cn("animate-pulse rounded-md bg-muted", 
className)}
[2m[WebServer] [22m> 10 |       ...props
[2m[WebServer] [22m     |       ^^^
[2m[WebServer] [22m  11 |     />
[2m[WebServer] [22m  12 |   )
[2m[WebServer] [22m  13 | }
[2m[WebServer] [22m
[2m[WebServer] [22mParsing ecmascript source code failed
[2m[WebServer] [22m
[2m[WebServer] [22mImport traces:
[2m[WebServer] [22m  Client Component Browser:
[2m[WebServer] [22m    ./src/components/ui/skeleton.tsx [Client Component Browser]
[2m[WebServer] [22m    ./src/app/dashboard/page.tsx [Client Component Browser]
[2m[WebServer] [22m    ./src/app/dashboard/page.tsx [Server Component]
[2m[WebServer] [22m
[2m[WebServer] [22m  Client Component SSR:
[2m[WebServer] [22m    ./src/components/ui/skeleton.tsx [Client Component SSR]
[2m[WebServer] [22m    ./src/app/dashboard/page.tsx [Client Component SSR]
[2m[WebServer] [22m    ./src/app/dashboard/page.tsx [Server Component] 
[2m[WebServer] [22m[31m    at handleErrors (file://C:/GAWE/Web Dev/Porto Aureon/ERP 
FROM ZERO/frontend/.next/dev/static/chunks/node_modules_next_dist_client_0pe1dg-._.js:2
773:21)
[2m[WebServer] [22m    at processMessage (file://C:/GAWE/Web Dev/Porto Aureon/ERP 
FROM ZERO/frontend/.next/dev/static/chunks/node_modules_next_dist_client_0pe1dg-._.js:2
834:28)
[2m[WebServer] [22m    at <unknown> (file://C:/GAWE/Web Dev/Porto Aureon/ERP FROM ZER
O/frontend/.next/dev/static/chunks/node_modules_next_dist_client_0pe1dg-._.js:2679:13)
[2m[WebServer] [22m    at WebSocket.handleMessage (file://C:/GAWE/Web Dev/Porto 
Aureon/ERP FROM ZERO/frontend/.next/dev/static/chunks/node_modules_next_dist_client_0pe
1dg-._.js:2324:17)[39m [2m(file://C:/GAWE/Web Dev/Porto Aureon/ERP FROM ZERO/frontend
/.next/dev/static/chunks/node_modules_next_dist_client_0pe1dg-._.js:2773:21)[22m
[2m[WebServer] [22m[36m[browser][39m ./src/components/ui/skeleton.tsx:10:7
[2m[WebServer] [22mUnexpected token `...`. Expected jsx identifier
[2m[WebServer] [22m   8 |     <div
[2m[WebServer] [22m   9 |       className={cn("animate-pulse rounded-md bg-muted", 
className)}
[2m[WebServer] [22m> 10 |       ...props
[2m[WebServer] [22m     |       ^^^
[2m[WebServer] [22m  11 |     />
[2m[WebServer] [22m  12 |   )
[2m[WebServer] [22m  13 | }
[2m[WebServer] [22m
[2m[WebServer] [22mParsing ecmascript source code failed
[2m[WebServer] [22m
[2m[WebServer] [22mImport traces:
[2m[WebServer] [22m  Client Component Browser:
[2m[WebServer] [22m    ./src/components/ui/skeleton.tsx [Client Component Browser]
[2m[WebServer] [22m    ./src/app/dashboard/page.tsx [Client Component Browser]
[2m[WebServer] [22m    ./src/app/dashboard/page.tsx [Server Component]
[2m[WebServer] [22m
[2m[WebServer] [22m  Client Component SSR:
[2m[WebServer] [22m    ./src/components/ui/skeleton.tsx [Client Component SSR]
[2m[WebServer] [22m    ./src/app/dashboard/page.tsx [Client Component SSR]
[2m[WebServer] [22m    ./src/app/dashboard/page.tsx [Server Component] 
[2m[WebServer] [22m[31m    at handleErrors (file://C:/GAWE/Web Dev/Porto Aureon/ERP 
FROM ZERO/frontend/.next/dev/static/chunks/node_modules_next_dist_client_0fhqo1d._.js:1
3828:21)
[2m[WebServer] [22m    at processMessage (file://C:/GAWE/Web Dev/Porto Aureon/ERP 
FROM ZERO/frontend/.next/dev/static/chunks/node_modules_next_dist_client_0fhqo1d._.js:1
3891:21)
[2m[WebServer] [22m    at WebSocket.handleMessage (file://C:/GAWE/Web Dev/Porto 
Aureon/ERP FROM ZERO/frontend/.next/dev/static/chunks/node_modules_next_dist_client_0fh
qo1d._.js:13335:52)[39m [2m(file://C:/GAWE/Web Dev/Porto Aureon/ERP FROM ZERO/fronten
d/.next/dev/static/chunks/node_modules_next_dist_client_0fhqo1d._.js:13828:21)[22m
  Ô£ÿ  4 [chromium] ÔÇ║ tests\e2e\auth.spec.ts:11:7 ÔÇ║ Auth & RBAC Suite ÔÇ║ BD user should not access Finance module (8.4s)
[2m[WebServer] [22m[36m[browser][39m ./src/components/ui/skeleton.tsx:10:7
[2m[WebServer] [22mUnexpected token `...`. Expected jsx identifier
[2m[WebServer] [22m   8 |     <div
[2m[WebServer] [22m   9 |       className={cn("animate-pulse rounded-md bg-muted", 
className)}
[2m[WebServer] [22m> 10 |       ...props
[2m[WebServer] [22m     |       ^^^
[2m[WebServer] [22m  11 |     />
[2m[WebServer] [22m  12 |   )
[2m[WebServer] [22m  13 | }
[2m[WebServer] [22m
[2m[WebServer] [22mParsing ecmascript source code failed
[2m[WebServer] [22m
[2m[WebServer] [22mImport traces:
[2m[WebServer] [22m  Client Component Browser:
[2m[WebServer] [22m    ./src/components/ui/skeleton.tsx [Client Component Browser]
[2m[WebServer] [22m    ./src/app/dashboard/page.tsx [Client Component Browser]
[2m[WebServer] [22m    ./src/app/dashboard/page.tsx [Server Component]
[2m[WebServer] [22m
[2m[WebServer] [22m  Client Component SSR:
[2m[WebServer] [22m    ./src/components/ui/skeleton.tsx [Client Component SSR]
[2m[WebServer] [22m    ./src/app/dashboard/page.tsx [Client Component SSR]
[2m[WebServer] [22m    ./src/app/dashboard/page.tsx [Server Component] 
[2m[WebServer] [22m[31m    at handleErrors (file://C:/GAWE/Web Dev/Porto Aureon/ERP 
FROM ZERO/frontend/.next/dev/static/chunks/node_modules_next_dist_client_0pe1dg-._.js:2
773:21)
[2m[WebServer] [22m    at processMessage (file://C:/GAWE/Web Dev/Porto Aureon/ERP 
FROM ZERO/frontend/.next/dev/static/chunks/node_modules_next_dist_client_0pe1dg-._.js:2
834:28)
[2m[WebServer] [22m    at <unknown> (file://C:/GAWE/Web Dev/Porto Aureon/ERP FROM ZER
O/frontend/.next/dev/static/chunks/node_modules_next_dist_client_0pe1dg-._.js:2679:13)
[2m[WebServer] [22m    at WebSocket.handleMessage (file://C:/GAWE/Web Dev/Porto 
Aureon/ERP FROM ZERO/frontend/.next/dev/static/chunks/node_modules_next_dist_client_0pe
1dg-._.js:2324:17)[39m [2m(file://C:/GAWE/Web Dev/Porto Aureon/ERP FROM ZERO/frontend
/.next/dev/static/chunks/node_modules_next_dist_client_0pe1dg-._.js:2773:21)[22m
[2m[WebServer] [22m[36m[browser][39m ./src/components/ui/skeleton.tsx:10:7
[2m[WebServer] [22mUnexpected token `...`. Expected jsx identifier
[2m[WebServer] [22m   8 |     <div
[2m[WebServer] [22m   9 |       className={cn("animate-pulse rounded-md bg-muted", 
className)}
[2m[WebServer] [22m> 10 |       ...props
[2m[WebServer] [22m     |       ^^^
[2m[WebServer] [22m  11 |     />
[2m[WebServer] [22m  12 |   )
[2m[WebServer] [22m  13 | }
[2m[WebServer] [22m
[2m[WebServer] [22mParsing ecmascript source code failed
[2m[WebServer] [22m
[2m[WebServer] [22mImport traces:
[2m[WebServer] [22m  Client Component Browser:
[2m[WebServer] [22m    ./src/components/ui/skeleton.tsx [Client Component Browser]
[2m[WebServer] [22m    ./src/app/dashboard/page.tsx [Client Component Browser]
[2m[WebServer] [22m    ./src/app/dashboard/page.tsx [Server Component]
[2m[WebServer] [22m
[2m[WebServer] [22m  Client Component SSR:
[2m[WebServer] [22m    ./src/components/ui/skeleton.tsx [Client Component SSR]
[2m[WebServer] [22m    ./src/app/dashboard/page.tsx [Client Component SSR]
[2m[WebServer] [22m    ./src/app/dashboard/page.tsx [Server Component] 
[2m[WebServer] [22m[31m    at handleErrors (file://C:/GAWE/Web Dev/Porto Aureon/ERP 
FROM ZERO/frontend/.next/dev/static/chunks/node_modules_next_dist_client_0fhqo1d._.js:1
3828:21)
[2m[WebServer] [22m    at processMessage (file://C:/GAWE/Web Dev/Porto Aureon/ERP 
FROM ZERO/frontend/.next/dev/static/chunks/node_modules_next_dist_client_0fhqo1d._.js:1
3891:21)
[2m[WebServer] [22m    at WebSocket.handleMessage (file://C:/GAWE/Web Dev/Porto 
Aureon/ERP FROM ZERO/frontend/.next/dev/static/chunks/node_modules_next_dist_client_0fh
qo1d._.js:13335:52)[39m [2m(file://C:/GAWE/Web Dev/Porto Aureon/ERP FROM ZERO/fronten
d/.next/dev/static/chunks/node_modules_next_dist_client_0fhqo1d._.js:13828:21)[22m
[2m[WebServer] [22m[36m[browser][39m ./src/components/ui/skeleton.tsx:10:7
[2m[WebServer] [22mUnexpected token `...`. Expected jsx identifier
[2m[WebServer] [22m   8 |     <div
[2m[WebServer] [22m   9 |       className={cn("animate-pulse rounded-md bg-muted", 
className)}
[2m[WebServer] [22m> 10 |       ...props
[2m[WebServer] [22m     |       ^^^
[2m[WebServer] [22m  11 |     />
[2m[WebServer] [22m  12 |   )
[2m[WebServer] [22m  13 | }
[2m[WebServer] [22m
[2m[WebServer] [22mParsing ecmascript source code failed
[2m[WebServer] [22m
[2m[WebServer] [22mImport traces:
[2m[WebServer] [22m  Client Component Browser:
[2m[WebServer] [22m    ./src/components/ui/skeleton.tsx [Client Component Browser]
[2m[WebServer] [22m    ./src/app/dashboard/page.tsx [Client Component Browser]
[2m[WebServer] [22m    ./src/app/dashboard/page.tsx [Server Component]
[2m[WebServer] [22m
[2m[WebServer] [22m  Client Component SSR:
[2m[WebServer] [22m    ./src/components/ui/skeleton.tsx [Client Component SSR]
[2m[WebServer] [22m    ./src/app/dashboard/page.tsx [Client Component SSR]
[2m[WebServer] [22m    ./src/app/dashboard/page.tsx [Server Component] 
[2m[WebServer] [22m[31m    at handleErrors (file://C:/GAWE/Web Dev/Porto Aureon/ERP 
FROM ZERO/frontend/.next/dev/static/chunks/node_modules_next_dist_client_0pe1dg-._.js:2
773:21)
[2m[WebServer] [22m    at processMessage (file://C:/GAWE/Web Dev/Porto Aureon/ERP 
FROM ZERO/frontend/.next/dev/static/chunks/node_modules_next_dist_client_0pe1dg-._.js:2
834:28)
[2m[WebServer] [22m    at <unknown> (file://C:/GAWE/Web Dev/Porto Aureon/ERP FROM ZER
O/frontend/.next/dev/static/chunks/node_modules_next_dist_client_0pe1dg-._.js:2679:13)
[2m[WebServer] [22m    at WebSocket.handleMessage (file://C:/GAWE/Web Dev/Porto 
Aureon/ERP FROM ZERO/frontend/.next/dev/static/chunks/node_modules_next_dist_client_0pe
1dg-._.js:2324:17)[39m [2m(file://C:/GAWE/Web Dev/Porto Aureon/ERP FROM ZERO/frontend
/.next/dev/static/chunks/node_modules_next_dist_client_0pe1dg-._.js:2773:21)[22m
  Ô£ÿ  2 [chromium] ÔÇ║ tests\e2e\validation.spec.ts:5:7 ÔÇ║ Edge Case & Validation Suite ÔÇ║ Formula: Prevent save if dosage != 100% (30.1s)
[2m[WebServer] [22m[36m[browser][39m ./src/components/ui/skeleton.tsx:10:7
[2m[WebServer] [22mUnexpected token `...`. Expected jsx identifier
[2m[WebServer] [22m   8 |     <div
[2m[WebServer] [22m   9 |       className={cn("animate-pulse rounded-md bg-muted", 
className)}
[2m[WebServer] [22m> 10 |       ...props
[2m[WebServer] [22m     |       ^^^
[2m[WebServer] [22m  11 |     />
[2m[WebServer] [22m  12 |   )
[2m[WebServer] [22m  13 | }
[2m[WebServer] [22m
[2m[WebServer] [22mParsing ecmascript source code failed
[2m[WebServer] [22m
[2m[WebServer] [22mImport traces:
[2m[WebServer] [22m  Client Component Browser:
[2m[WebServer] [22m    ./src/components/ui/skeleton.tsx [Client Component Browser]
[2m[WebServer] [22m    ./src/app/dashboard/page.tsx [Client Component Browser]
[2m[WebServer] [22m    ./src/app/dashboard/page.tsx [Server Component]
[2m[WebServer] [22m
[2m[WebServer] [22m  Client Component SSR:
[2m[WebServer] [22m    ./src/components/ui/skeleton.tsx [Client Component SSR]
[2m[WebServer] [22m    ./src/app/dashboard/page.tsx [Client Component SSR]
[2m[WebServer] [22m    ./src/app/dashboard/page.tsx [Server Component] 
[2m[WebServer] [22m[31m    at handleErrors (file://C:/GAWE/Web Dev/Porto Aureon/ERP 
FROM ZERO/frontend/.next/dev/static/chunks/node_modules_next_dist_client_0fhqo1d._.js:1
3828:21)
[2m[WebServer] [22m    at processMessage (file://C:/GAWE/Web Dev/Porto Aureon/ERP 
FROM ZERO/frontend/.next/dev/static/chunks/node_modules_next_dist_client_0fhqo1d._.js:1
3891:21)
[2m[WebServer] [22m    at WebSocket.handleMessage (file://C:/GAWE/Web Dev/Porto 
Aureon/ERP FROM ZERO/frontend/.next/dev/static/chunks/node_modules_next_dist_client_0fh
qo1d._.js:13335:52)[39m [2m(file://C:/GAWE/Web Dev/Porto Aureon/ERP FROM ZERO/fronten
d/.next/dev/static/chunks/node_modules_next_dist_client_0fhqo1d._.js:13828:21)[22m
  Ô£ÿ  6 [chromium] ÔÇ║ tests\e2e\workflow.spec.ts:5:7 ÔÇ║ Golden Path Workflow ÔÇ║ Full Business Cycle: Commercial -> R&D -> Finance (30.0s)
  Ô£ÿ  3 [chromium] ÔÇ║ tests\e2e\validation.spec.ts:28:7 ÔÇ║ Edge Case & Validation Suite ÔÇ║ Production: Mass Balance Validation (Tolerance > 1%) (30.1s)


  1) [chromium] ÔÇ║ tests\e2e\auth.spec.ts:11:7 ÔÇ║ Auth & RBAC Suite ÔÇ║ BD user should not access Finance module 

    Error: [2mexpect([22m[31mpage[39m[2m).[22mtoHaveURL[2m([22m[32mexpected[39m[2m)[22m failed

    Expected pattern: [32m/.*dashboard$/[39m
    Received string:  [31m"http://localhost:3001/dashboard/finance"[39m
    Timeout: 5000ms

    Call log:
    [2m  - Expect "toHaveURL" with timeout 5000ms[22m
    [2m    8 ├ù unexpected value "http://localhost:3001/dashboard/finance"[22m


      24 |     // 4. Expect redirection back to /dashboard (or 403)
      25 |     // Based on our frontend logic, it redirects to /dashboard if role not allowed
    > 26 |     await expect(page).toHaveURL(/.*dashboard$/);
         |                        ^
      27 |   });
      28 |
      29 |   test('successful login with valid credentials', async ({ page }) => {
        at C:\GAWE\Web Dev\Porto Aureon\ERP FROM ZERO\frontend\tests\e2e\auth.spec.ts:26:24

    Error Context: test-results\auth-Auth-RBAC-Suite-BD-us-2eae5-d-not-access-Finance-module-chromium\error-context.md

  2) [chromium] ÔÇ║ tests\e2e\auth.spec.ts:29:7 ÔÇ║ Auth & RBAC Suite ÔÇ║ successful login with valid credentials 

    Error: [2mexpect([22m[31mlocator[39m[2m).[22mtoContainText[2m([22m[32mexpected[39m[2m)[22m failed

    Locator: locator('h2')
    Expected substring: [32m"EXECUTIVE COMMAND"[39m
    Timeout: 5000ms
    Error: element(s) not found

    Call log:
    [2m  - Expect "toContainText" with timeout 5000ms[22m
    [2m  - waiting for locator('h2')[22m


      34 |     
      35 |     await expect(page).toHaveURL(/\/dashboard/);
    > 36 |     await expect(page.locator('h2')).toContainText('EXECUTIVE COMMAND');
         |                                      ^
      37 |   });
      38 |
      39 | });
        at C:\GAWE\Web Dev\Porto Aureon\ERP FROM ZERO\frontend\tests\e2e\auth.spec.ts:36:38

    Error Context: test-results\auth-Auth-RBAC-Suite-successful-login-with-valid-credentials-chromium\error-context.md

  3) [chromium] ÔÇ║ tests\e2e\validation.spec.ts:5:7 ÔÇ║ Edge Case & Validation Suite ÔÇ║ Formula: Prevent save if dosage != 100% 

    [31mTest timeout of 30000ms exceeded.[39m

    Error: page.click: Test timeout of 30000ms exceeded.
    Call log:
    [2m  - waiting for locator('text=R&D Formulas')[22m
    [2m    - waiting for" http://localhost:3001/dashboard" navigation to finish...[22m
    [2m    - navigated to "http://localhost:3001/dashboard"[22m


      11 |
      12 |     // 2. OPEN FORMULA BUILDER
    > 13 |     await page.click('text=R&D Formulas');
         |                ^
      14 |     await page.click('text=Active Formulation Lab');
      15 |     await page.locator('button:has-text("Build Formula")').first().click();
      16 |     
        at C:\GAWE\Web Dev\Porto Aureon\ERP FROM ZERO\frontend\tests\e2e\validation.spec.ts:13:16

    Error Context: test-results\validation-Edge-Case-Valid-99de3-Prevent-save-if-dosage-100--chromium\error-context.md

  4) [chromium] ÔÇ║ tests\e2e\validation.spec.ts:28:7 ÔÇ║ Edge Case & Validation Suite ÔÇ║ Production: Mass Balance Validation (Tolerance > 1%) 

    [31mTest timeout of 30000ms exceeded.[39m

    Error: page.click: Test timeout of 30000ms exceeded.
    Call log:
    [2m  - waiting for locator('text=Factory Floor')[22m
    [2m    - waiting for" http://localhost:3001/login" navigation to finish...[22m
    [2m    - navigated to "http://localhost:3001/login"[22m


      34 |
      35 |     // 2. OPEN PRODUCTION STATION
    > 36 |     await page.click('text=Factory Floor');
         |                ^
      37 |     await page.click('text=MANAGE STATION');
      38 |     await page.click('text=Log Output Results');
      39 |     
        at C:\GAWE\Web Dev\Porto Aureon\ERP FROM ZERO\frontend\tests\e2e\validation.spec.ts:36:16

    Error Context: test-results\validation-Edge-Case-Valid-098ca-nce-Validation-Tolerance-1--chromium\error-context.md

  5) [chromium] ÔÇ║ tests\e2e\workflow.spec.ts:5:7 ÔÇ║ Golden Path Workflow ÔÇ║ Full Business Cycle: Commercial -> R&D -> Finance 

    [31mTest timeout of 30000ms exceeded.[39m

    Error: page.click: Test timeout of 30000ms exceeded.
    Call log:
    [2m  - waiting for locator('text=Commercial')[22m


      12 |
      13 |     // 2. CREATE LEAD
    > 14 |     await page.click('text=Commercial');
         |                ^
      15 |     await page.click('text=Quick Add Vector');
      16 |     await page.waitForSelector('text=New Client Vector synchronized.');
      17 |     
        at C:\GAWE\Web Dev\Porto Aureon\ERP FROM ZERO\frontend\tests\e2e\workflow.spec.ts:14:16

    Error Context: test-results\workflow-Golden-Path-Workf-2bf71--Commercial---R-D---Finance-chromium\error-context.md

  5 failed
    [chromium] ÔÇ║ tests\e2e\auth.spec.ts:11:7 ÔÇ║ Auth & RBAC Suite ÔÇ║ BD user should not access Finance module 
    [chromium] ÔÇ║ tests\e2e\auth.spec.ts:29:7 ÔÇ║ Auth & RBAC Suite ÔÇ║ successful login with valid credentials 
    [chromium] ÔÇ║ tests\e2e\validation.spec.ts:5:7 ÔÇ║ Edge Case & Validation Suite ÔÇ║ Formula: Prevent save if dosage != 100% 
    [chromium] ÔÇ║ tests\e2e\validation.spec.ts:28:7 ÔÇ║ Edge Case & Validation Suite ÔÇ║ Production: Mass Balance Validation (Tolerance > 1%) 
    [chromium] ÔÇ║ tests\e2e\workflow.spec.ts:5:7 ÔÇ║ Golden Path Workflow ÔÇ║ Full Business Cycle: Commercial -> R&D -> Finance 
  1 passed (36.4s)
