  console.log
    ◇ injecting env (3) from .env // tip: ⌘ override existing { override: true }

      at _log (../node_modules/dotenv/lib/main.js:131:11)

  console.log
    ◇ injecting env (0) from backend\.env // tip: ⌘ custom filepath { path: '/custom/path/.env' }

      at _log (../node_modules/dotenv/lib/main.js:131:11)

  console.log
    ✅ Prisma connected via Driver Adapter

      at Proxy.onModuleInit (../src/prisma/prisma/prisma.service.ts:36:15)
          at async Promise.all (index 0)

  console.log
    ✅ Prisma connected via Driver Adapter

      at Proxy.onModuleInit (../src/prisma/prisma/prisma.service.ts:36:15)
          at async Promise.all (index 0)

  console.log
    ✅ Prisma connected via Driver Adapter

      at Proxy.onModuleInit (../src/prisma/prisma/prisma.service.ts:36:15)
          at async Promise.all (index 0)

  console.log
    ✅ Prisma connected via Driver Adapter

      at Proxy.onModuleInit (../src/prisma/prisma/prisma.service.ts:36:15)
          at async Promise.all (index 0)

  console.log
    prisma:error 
    Invalid `tx.designFeedback.create()` invocation in
    C:\GAWE\Web Dev\Porto Aureon\ERP FROM ZERO\backend\src\modules\creative\creative.service.ts:126:31
    
      123 if (!task) throw new NotFoundException('Task not found');
      124 
      125 // 2. Create Feedback Log (Audit Trail)
    → 126 await tx.designFeedback.create({
            data: {
              taskId: "19f63579-af2f-4560-a24f-90f2fa828d72",
              fromDivision: "LEGAL",
              authorId: "3ad05a47-2e9e-4801-a6c3-1f7d2631e6bd",
              approvalStatus: "REJECTED",
              ipAddress: "::ffff:127.0.0.1",
              signatureHash: "$2b$10$qgAjnR6cwA9tAZUxvFgBxuX4jq3syft9yVTskRugYwj/yLPAwfRTa",
          +   content: String
            }
          })
    
    Argument `content` is missing.

      at Object.Ou (../node_modules/@prisma/internals/src/logger.ts:13:11)

  console.error
    APJ REVIEW ERROR: PrismaClientValidationError: 
    Invalid `tx.designFeedback.create()` invocation in
    C:\GAWE\Web Dev\Porto Aureon\ERP FROM ZERO\backend\src\modules\creative\creative.service.ts:126:31
    
      123 if (!task) throw new NotFoundException('Task not found');
      124 
      125 // 2. Create Feedback Log (Audit Trail)
    → 126 await tx.designFeedback.create({
            data: {
              taskId: "19f63579-af2f-4560-a24f-90f2fa828d72",
              fromDivision: "LEGAL",
              authorId: "3ad05a47-2e9e-4801-a6c3-1f7d2631e6bd",
              approvalStatus: "REJECTED",
              ipAddress: "::ffff:127.0.0.1",
              signatureHash: "$2b$10$qgAjnR6cwA9tAZUxvFgBxuX4jq3syft9yVTskRugYwj/yLPAwfRTa",
          +   content: String
            }
          })
    
    Argument `content` is missing.
        at ar (C:\GAWE\Web Dev\Porto Aureon\ERP FROM ZERO\backend\node_modules\@prisma\client\src\runtime\core\errorRendering\throwValidationException.ts:46:9)
        at zr.throwValidationException [as handleRequestError] (C:\GAWE\Web Dev\Porto Aureon\ERP FROM ZERO\backend\node_modules\@prisma\client\src\runtime\RequestHandler.ts:211:7)
        at zr.handleAndLogRequestError (C:\GAWE\Web Dev\Porto Aureon\ERP FROM ZERO\backend\node_modules\@prisma\client\src\runtime\RequestHandler.ts:183:12)
        at zr.request (C:\GAWE\Web Dev\Porto Aureon\ERP FROM ZERO\backend\node_modules\@prisma\client\src\runtime\RequestHandler.ts:152:12)
        at processTicksAndRejections (node:internal/process/task_queues:105:5)
        at a (C:\GAWE\Web Dev\Porto Aureon\ERP FROM ZERO\backend\node_modules\@prisma\client\src\runtime\getPrismaClient.ts:963:24)
        at C:\GAWE\Web Dev\Porto Aureon\ERP FROM ZERO\backend\src\modules\creative\creative.service.ts:126:7
        at Proxy._transactionWithCallback (C:\GAWE\Web Dev\Porto Aureon\ERP FROM ZERO\backend\node_modules\@prisma\client\src\runtime\getPrismaClient.ts:810:18)
        at C:\GAWE\Web Dev\Porto Aureon\ERP FROM ZERO\backend\node_modules\@nestjs\core\router\router-execution-context.js:46:28
        at C:\GAWE\Web Dev\Porto Aureon\ERP FROM ZERO\backend\node_modules\@nestjs\core\router\router-proxy.js:9:17 {
      clientVersion: '7.8.0'
    }

    [0m [90m 152 |[39m       [36mreturn[39m result[33m;[39m
     [90m 153 |[39m     })[33m.[39m[36mcatch[39m(err [33m=>[39m {
    [31m[1m>[22m[39m[90m 154 |[39m       console[33m.[39merror([32m'APJ REVIEW ERROR:'[39m[33m,[39m err)[33m;[39m
     [90m     |[39m               [31m[1m^[22m[39m
     [90m 155 |[39m       [36mthrow[39m err[33m;[39m
     [90m 156 |[39m     })[33m;[39m
     [90m 157 |[39m   }[0m

      at ../src/modules/creative/creative.service.ts:154:15
      at ../node_modules/@nestjs/core/router/router-execution-context.js:46:28
      at ../node_modules/@nestjs/core/router/router-proxy.js:9:17

node.exe : [31m[Nest] 29232  - [39m30/04/2026, 11.29.05 [31m  ERROR[39m [38;5;3m[ExceptionsHandler] 
[39mPrismaClientValidationError: 
At line:1 char:1
+ & "C:\Program Files\nodejs/node.exe" "C:\Program Files\nodejs/node_mo ...
+ ~~~~~~~~~~~~~~~~~~~~~~~~~~~~~~~~~~~~~~~~~~~~~~~~~~~~~~~~~~~~~~~~~~~~~
    + CategoryInfo          : NotSpecified: ([31m[Nest] 292...lidationError: :String) [], RemoteException
    + FullyQualifiedErrorId : NativeCommandError
 
Invalid `tx.designFeedback.create()` invocation in
C:\GAWE\Web Dev\Porto Aureon\ERP FROM ZERO\backend\src\modules\creative\creative.service.ts:126:31

  123 if (!task) throw new NotFoundException('Task not found');
  124 
  125 // 2. Create Feedback Log (Audit Trail)
→ 126 await tx.designFeedback.create({
        data: {
          taskId: "19f63579-af2f-4560-a24f-90f2fa828d72",
          fromDivision: "LEGAL",
          authorId: "3ad05a47-2e9e-4801-a6c3-1f7d2631e6bd",
          approvalStatus: "REJECTED",
          ipAddress: "::ffff:127.0.0.1",
          signatureHash: "$2b$10$qgAjnR6cwA9tAZUxvFgBxuX4jq3syft9yVTskRugYwj/yLPAwfRTa",
      +   content: String
        }
      })

Argument `content` is missing.
    at ar [90m(C:\GAWE\Web Dev\Porto Aureon\ERP FROM ZERO\backend\[39mnode_modules\[4m@prisma\client[24m\src\runtim
e\core\errorRendering\throwValidationException.ts:46:9[90m)[39m
    at zr.throwValidationException [as handleRequestError] [90m(C:\GAWE\Web Dev\Porto Aureon\ERP FROM 
ZERO\backend\[39mnode_modules\[4m@prisma\client[24m\src\runtime\RequestHandler.ts:211:7[90m)[39m
    at zr.handleAndLogRequestError [90m(C:\GAWE\Web Dev\Porto Aureon\ERP FROM 
ZERO\backend\[39mnode_modules\[4m@prisma\client[24m\src\runtime\RequestHandler.ts:183:12[90m)[39m
    at zr.request [90m(C:\GAWE\Web Dev\Porto Aureon\ERP FROM 
ZERO\backend\[39mnode_modules\[4m@prisma\client[24m\src\runtime\RequestHandler.ts:152:12[90m)[39m
[90m    at processTicksAndRejections (node:internal/process/task_queues:105:5)[39m
    at a [90m(C:\GAWE\Web Dev\Porto Aureon\ERP FROM 
ZERO\backend\[39mnode_modules\[4m@prisma\client[24m\src\runtime\getPrismaClient.ts:963:24[90m)[39m
    at [90mC:\GAWE\Web Dev\Porto Aureon\ERP FROM ZERO\backend\[39msrc\modules\creative\creative.service.ts:126:7
    at Proxy._transactionWithCallback [90m(C:\GAWE\Web Dev\Porto Aureon\ERP FROM 
ZERO\backend\[39mnode_modules\[4m@prisma\client[24m\src\runtime\getPrismaClient.ts:810:18[90m)[39m
    at [90mC:\GAWE\Web Dev\Porto Aureon\ERP FROM 
ZERO\backend\[39mnode_modules\[4m@nestjs\core[24m\router\router-execution-context.js:46:28
    at [90mC:\GAWE\Web Dev\Porto Aureon\ERP FROM 
ZERO\backend\[39mnode_modules\[4m@nestjs\core[24m\router\router-proxy.js:9:17 {
  clientVersion: [32m'7.8.0'[39m
}
  console.log
    prisma:error 
    Invalid `tx.designFeedback.create()` invocation in
    C:\GAWE\Web Dev\Porto Aureon\ERP FROM ZERO\backend\src\modules\creative\creative.service.ts:126:31
    
      123 if (!task) throw new NotFoundException('Task not found');
      124 
      125 // 2. Create Feedback Log (Audit Trail)
    → 126 await tx.designFeedback.create({
            data: {
              taskId: "19f63579-af2f-4560-a24f-90f2fa828d72",
              fromDivision: "LEGAL",
              authorId: "3ad05a47-2e9e-4801-a6c3-1f7d2631e6bd",
              approvalStatus: "APPROVED",
              ipAddress: "::ffff:127.0.0.1",
              signatureHash: "$2b$10$1IFHL.puAZ/iRlKWf./7vOnZnFzE1qreuDJsmU3Mzl6uYXZr9Csl2",
          +   content: String
            }
          })
    
    Argument `content` is missing.

      at Object.Ou (../node_modules/@prisma/internals/src/logger.ts:13:11)

  console.error
    APJ REVIEW ERROR: PrismaClientValidationError: 
    Invalid `tx.designFeedback.create()` invocation in
    C:\GAWE\Web Dev\Porto Aureon\ERP FROM ZERO\backend\src\modules\creative\creative.service.ts:126:31
    
      123 if (!task) throw new NotFoundException('Task not found');
      124 
      125 // 2. Create Feedback Log (Audit Trail)
    → 126 await tx.designFeedback.create({
            data: {
              taskId: "19f63579-af2f-4560-a24f-90f2fa828d72",
              fromDivision: "LEGAL",
              authorId: "3ad05a47-2e9e-4801-a6c3-1f7d2631e6bd",
              approvalStatus: "APPROVED",
              ipAddress: "::ffff:127.0.0.1",
              signatureHash: "$2b$10$1IFHL.puAZ/iRlKWf./7vOnZnFzE1qreuDJsmU3Mzl6uYXZr9Csl2",
          +   content: String
            }
          })
    
    Argument `content` is missing.
        at ar (C:\GAWE\Web Dev\Porto Aureon\ERP FROM ZERO\backend\node_modules\@prisma\client\src\runtime\core\errorRendering\throwValidationException.ts:46:9)
        at zr.throwValidationException [as handleRequestError] (C:\GAWE\Web Dev\Porto Aureon\ERP FROM ZERO\backend\node_modules\@prisma\client\src\runtime\RequestHandler.ts:211:7)
        at zr.handleAndLogRequestError (C:\GAWE\Web Dev\Porto Aureon\ERP FROM ZERO\backend\node_modules\@prisma\client\src\runtime\RequestHandler.ts:183:12)
        at zr.request (C:\GAWE\Web Dev\Porto Aureon\ERP FROM ZERO\backend\node_modules\@prisma\client\src\runtime\RequestHandler.ts:152:12)
        at processTicksAndRejections (node:internal/process/task_queues:105:5)
        at a (C:\GAWE\Web Dev\Porto Aureon\ERP FROM ZERO\backend\node_modules\@prisma\client\src\runtime\getPrismaClient.ts:963:24)
        at C:\GAWE\Web Dev\Porto Aureon\ERP FROM ZERO\backend\src\modules\creative\creative.service.ts:126:7
        at Proxy._transactionWithCallback (C:\GAWE\Web Dev\Porto Aureon\ERP FROM ZERO\backend\node_modules\@prisma\client\src\runtime\getPrismaClient.ts:810:18)
        at C:\GAWE\Web Dev\Porto Aureon\ERP FROM ZERO\backend\node_modules\@nestjs\core\router\router-execution-context.js:46:28
        at C:\GAWE\Web Dev\Porto Aureon\ERP FROM ZERO\backend\node_modules\@nestjs\core\router\router-proxy.js:9:17 {
      clientVersion: '7.8.0'
    }

    [0m [90m 152 |[39m       [36mreturn[39m result[33m;[39m
     [90m 153 |[39m     })[33m.[39m[36mcatch[39m(err [33m=>[39m {
    [31m[1m>[22m[39m[90m 154 |[39m       console[33m.[39merror([32m'APJ REVIEW ERROR:'[39m[33m,[39m err)[33m;[39m
     [90m     |[39m               [31m[1m^[22m[39m
     [90m 155 |[39m       [36mthrow[39m err[33m;[39m
     [90m 156 |[39m     })[33m;[39m
     [90m 157 |[39m   }[0m

      at ../src/modules/creative/creative.service.ts:154:15
      at ../node_modules/@nestjs/core/router/router-execution-context.js:46:28
      at ../node_modules/@nestjs/core/router/router-proxy.js:9:17

[31m[Nest] 29232  - [39m30/04/2026, 11.29.05 [31m  ERROR[39m [38;5;3m[ExceptionsHandler] 
[39mPrismaClientValidationError: 
Invalid `tx.designFeedback.create()` invocation in
C:\GAWE\Web Dev\Porto Aureon\ERP FROM ZERO\backend\src\modules\creative\creative.service.ts:126:31

  123 if (!task) throw new NotFoundException('Task not found');
  124 
  125 // 2. Create Feedback Log (Audit Trail)
→ 126 await tx.designFeedback.create({
        data: {
          taskId: "19f63579-af2f-4560-a24f-90f2fa828d72",
          fromDivision: "LEGAL",
          authorId: "3ad05a47-2e9e-4801-a6c3-1f7d2631e6bd",
          approvalStatus: "APPROVED",
          ipAddress: "::ffff:127.0.0.1",
          signatureHash: "$2b$10$1IFHL.puAZ/iRlKWf./7vOnZnFzE1qreuDJsmU3Mzl6uYXZr9Csl2",
      +   content: String
        }
      })

Argument `content` is missing.
    at ar [90m(C:\GAWE\Web Dev\Porto Aureon\ERP FROM ZERO\backend\[39mnode_modules\[4m@prisma\client[24m\src\runtim
e\core\errorRendering\throwValidationException.ts:46:9[90m)[39m
    at zr.throwValidationException [as handleRequestError] [90m(C:\GAWE\Web Dev\Porto Aureon\ERP FROM 
ZERO\backend\[39mnode_modules\[4m@prisma\client[24m\src\runtime\RequestHandler.ts:211:7[90m)[39m
    at zr.handleAndLogRequestError [90m(C:\GAWE\Web Dev\Porto Aureon\ERP FROM 
ZERO\backend\[39mnode_modules\[4m@prisma\client[24m\src\runtime\RequestHandler.ts:183:12[90m)[39m
    at zr.request [90m(C:\GAWE\Web Dev\Porto Aureon\ERP FROM 
ZERO\backend\[39mnode_modules\[4m@prisma\client[24m\src\runtime\RequestHandler.ts:152:12[90m)[39m
[90m    at processTicksAndRejections (node:internal/process/task_queues:105:5)[39m
    at a [90m(C:\GAWE\Web Dev\Porto Aureon\ERP FROM 
ZERO\backend\[39mnode_modules\[4m@prisma\client[24m\src\runtime\getPrismaClient.ts:963:24[90m)[39m
    at [90mC:\GAWE\Web Dev\Porto Aureon\ERP FROM ZERO\backend\[39msrc\modules\creative\creative.service.ts:126:7
    at Proxy._transactionWithCallback [90m(C:\GAWE\Web Dev\Porto Aureon\ERP FROM 
ZERO\backend\[39mnode_modules\[4m@prisma\client[24m\src\runtime\getPrismaClient.ts:810:18[90m)[39m
    at [90mC:\GAWE\Web Dev\Porto Aureon\ERP FROM 
ZERO\backend\[39mnode_modules\[4m@nestjs\core[24m\router\router-execution-context.js:46:28
    at [90mC:\GAWE\Web Dev\Porto Aureon\ERP FROM 
ZERO\backend\[39mnode_modules\[4m@nestjs\core[24m\router\router-proxy.js:9:17 {
  clientVersion: [32m'7.8.0'[39m
}
  console.log
    prisma:error 
    Invalid `prisma.salesLead.deleteMany()` invocation in
    C:\GAWE\Web Dev\Porto Aureon\ERP FROM ZERO\backend\test\creative-v4.e2e-spec.ts:80:28
    
      77 await prisma.designFeedback.deleteMany().catch(() => {});
      78 await prisma.designVersion.deleteMany().catch(() => {});
      79 await prisma.designTask.deleteMany().catch(() => {});
    → 80 await prisma.salesLead.deleteMany(
    Foreign key constraint violated on the constraint: `regulatory_pipelines_leadId_fkey`

      at Object.Ou (../node_modules/@prisma/internals/src/logger.ts:13:11)

  console.log
    prisma:error 
    Invalid `prisma.bussdevStaff.deleteMany()` invocation in
    C:\GAWE\Web Dev\Porto Aureon\ERP FROM ZERO\backend\test\creative-v4.e2e-spec.ts:81:31
    
      78 await prisma.designVersion.deleteMany().catch(() => {});
      79 await prisma.designTask.deleteMany().catch(() => {});
      80 await prisma.salesLead.deleteMany().catch(() => {});
    → 81 await prisma.bussdevStaff.deleteMany(
    Foreign key constraint violated on the constraint: `sales_leads_picId_fkey`

      at Object.Ou (../node_modules/@prisma/internals/src/logger.ts:13:11)

  console.log
    prisma:error 
    Invalid `prisma.supplier.deleteMany()` invocation in
    C:\GAWE\Web Dev\Porto Aureon\ERP FROM ZERO\backend\test\creative-v4.e2e-spec.ts:82:27
    
      79 await prisma.designTask.deleteMany().catch(() => {});
      80 await prisma.salesLead.deleteMany().catch(() => {});
      81 await prisma.bussdevStaff.deleteMany().catch(() => {});
    → 82 await prisma.supplier.deleteMany(
    Foreign key constraint violated on the constraint: `material_inventories_supplierId_fkey`

      at Object.Ou (../node_modules/@prisma/internals/src/logger.ts:13:11)

FAIL test/creative-v4.e2e-spec.ts (19.692 s)
  Creative & Packaging Design V4 (e2e)
    √ Step 1: Create new Design Task (Inbox) (132 ms)
    √ Step 2: Upload Version 1 (Should move to IN_PROGRESS) (69 ms)
    √ Step 3: Submit to APJ (Should move to WAITING_APJ) (13 ms)
    × Step 4: APJ Rejection (Revision 1) (164 ms)
    × Step 5: Hit Revision Limit (Revisions 2 & 3) (400 ms)
    × Step 6: Block Upload on Locked Task (21 ms)
    × Step 7: Final Approval & SCM Interlock (186 ms)

  ● Creative & Packaging Design V4 (e2e) › Step 4: APJ Rejection (Revision 1)

    expect(received).toBe(expected) // Object.is equality

    Expected: 1
    Received: 0

    [0m [90m 135 |[39m     [36mconst[39m task [33m=[39m [36mawait[39m 
prisma[33m.[39mdesignTask[33m.[39mfindUnique({ where[33m:[39m { id[33m:[39m testTaskId } })[33m;[39m
     [90m 136 |[39m     expect(task[33m![39m[33m.[39mkanbanState)[33m.[39mtoBe([33mDesignState[39m[33m.[39m
[33mREVISION[39m)[33m;[39m
    [31m[1m>[22m[39m[90m 137 |[39m     
expect(task[33m![39m[33m.[39mrevisionCount)[33m.[39mtoBe([35m1[39m)[33m;[39m
     [90m     |[39m                                 [31m[1m^[22m[39m
     [90m 138 |[39m   })[33m;[39m
     [90m 139 |[39m
     [90m 140 |[39m   it([32m'Step 5: Hit Revision Limit (Revisions 2 & 3)'[39m[33m,[39m [36masync[39m () 
[33m=>[39m {[0m

      at Object.<anonymous> (creative-v4.e2e-spec.ts:137:33)

  ● Creative & Packaging Design V4 (e2e) › Step 5: Hit Revision Limit (Revisions 2 & 3)

    expected 200 "OK", got 500 "Internal Server Error"

    [0m [90m 150 |[39m       [33m.[39mpatch([32m`/creative/task/${testTaskId}/apj-review`[39m)
     [90m 151 |[39m       [33m.[39msend({ status[33m:[39m 
[33mApprovalStatus[39m[33m.[39m[33mREJECTED[39m[33m,[39m authorId[33m:[39m testUserId[33m,[39m 
pin[33m:[39m [33mCORRECT_PIN[39m })
    [31m[1m>[22m[39m[90m 152 |[39m       [33m.[39mexpect([35m200[39m)[33m;[39m
     [90m     |[39m        [31m[1m^[22m[39m
     [90m 153 |[39m
     [90m 154 |[39m     [90m// Upload V3 -> Revision 2 counted[39m
     [90m 155 |[39m     [36mawait[39m request(app[33m.[39mgetHttpServer())[0m

      at Object.<anonymous> (creative-v4.e2e-spec.ts:152:8)
      ----
      at Test._assertStatus (../node_modules/supertest/lib/test.js:309:14)
      at ../node_modules/supertest/lib/test.js:365:13
      at Test._assertFunction (../node_modules/supertest/lib/test.js:342:13)
      at Test.assert (../node_modules/supertest/lib/test.js:195:23)
      at localAssert (../node_modules/supertest/lib/test.js:138:14)
      at Server.<anonymous> (../node_modules/supertest/lib/test.js:152:11)

  ● Creative & Packaging Design V4 (e2e) › Step 6: Block Upload on Locked Task

    expected 400 "Bad Request", got 200 "OK"

    [0m [90m 175 |[39m       [33m.[39mfield([32m'uploadedBy'[39m[33m,[39m testUserId)
     [90m 176 |[39m       [33m.[39mattach([32m'artwork'[39m[33m,[39m 
[33mBuffer[39m[33m.[39m[36mfrom[39m([32m'v4'[39m)[33m,[39m [32m'v4.pdf'[39m)
    [31m[1m>[22m[39m[90m 177 |[39m       [33m.[39mexpect([35m400[39m)[33m;[39m [90m// Bad Request: Task 
is locked[39m
     [90m     |[39m        [31m[1m^[22m[39m
     [90m 178 |[39m   })[33m;[39m
     [90m 179 |[39m
     [90m 180 |[39m   it([32m'Step 7: Final Approval & SCM Interlock'[39m[33m,[39m [36masync[39m () 
[33m=>[39m {[0m

      at Object.<anonymous> (creative-v4.e2e-spec.ts:177:8)
      ----
      at Test._assertStatus (../node_modules/supertest/lib/test.js:309:14)
      at ../node_modules/supertest/lib/test.js:365:13
      at Test._assertFunction (../node_modules/supertest/lib/test.js:342:13)
      at Test.assert (../node_modules/supertest/lib/test.js:195:23)
      at localAssert (../node_modules/supertest/lib/test.js:138:14)
      at Server.<anonymous> (../node_modules/supertest/lib/test.js:152:11)

  ● Creative & Packaging Design V4 (e2e) › Step 7: Final Approval & SCM Interlock

    expected 200 "OK", got 500 "Internal Server Error"

    [0m [90m 196 |[39m       [33m.[39mpatch([32m`/creative/task/${testTaskId}/apj-review`[39m)
     [90m 197 |[39m       [33m.[39msend({ status[33m:[39m 
[33mApprovalStatus[39m[33m.[39m[33mAPPROVED[39m[33m,[39m authorId[33m:[39m testUserId[33m,[39m 
pin[33m:[39m [33mCORRECT_PIN[39m })
    [31m[1m>[22m[39m[90m 198 |[39m       [33m.[39mexpect([35m200[39m)[33m;[39m
     [90m     |[39m        [31m[1m^[22m[39m
     [90m 199 |[39m      
     [90m 200 |[39m      [90m// 2. Client Approve -> LOCKED (Trigger Interlock)[39m
     [90m 201 |[39m      [36mawait[39m request(app[33m.[39mgetHttpServer())[0m

      at Object.<anonymous> (creative-v4.e2e-spec.ts:198:8)
      ----
      at Test._assertStatus (../node_modules/supertest/lib/test.js:309:14)
      at ../node_modules/supertest/lib/test.js:365:13
      at Test._assertFunction (../node_modules/supertest/lib/test.js:342:13)
      at Test.assert (../node_modules/supertest/lib/test.js:195:23)
      at localAssert (../node_modules/supertest/lib/test.js:138:14)
      at Server.<anonymous> (../node_modules/supertest/lib/test.js:152:11)

Test Suites: 1 failed, 1 total
Tests:       4 failed, 3 passed, 7 total
Snapshots:   0 total
Time:        20.384 s, estimated 31 s
Ran all test suites matching test/creative-v4.e2e-spec.ts.
